
Memory Configuration

Name             Origin             Length             Attributes
ram              0x80000000         0x00500000         xrw
*default*        0x00000000         0xffffffff

Linker script and memory map

                0x00000000                __DYNAMIC=0x0
                0x00400000                PROVIDE (__stack, 0x400000)
                0x00000000                PROVIDE (hardware_init_hook, 0x0)
                0x00000000                PROVIDE (_hardware_init_hook, 0x0)
                0x00000000                PROVIDE (software_init_hook, 0x0)
                0x00000000                PROVIDE (_software_init_hook, 0x0)

.text           0x80000000    0x81e30
 *(.text)
 .text          0x80000000      0x258 S2_String_Check.o
                0x80000000                S2_String_Check_EventHandler
                0x8000017e                S2_String_CheckEventHandler00000
                0x800000bc                S2_String_Check_main
 .text          0x80000258      0x94a S2_MPS_Text_Centering.o
                0x80000710                S2_MPS_Text_CenteringEventHandler00000
                0x800009c2                S2_MPS_Text_Centering_main
                0x800008f2                S2_MPS_Text_Centering_EventHandler
 *fill*         0x80000ba2        0x2
 .text          0x80000ba4      0xe48 S2_Knob_Acceleration__Pkt_.o
                0x80001518                S2_Knob_Acceleration__Pkt__main
                0x800011a6                S2_Knob_Acceleration__Pkt_EventHandler00000
                0x8000143a                S2_Knob_Acceleration__Pkt__EventHandler
 .text          0x800019ec     0x5420 S2_DMPS_Text_Router_v1_0.o
                0x80006c44                S2_DMPS_Text_Router_v1_0EventHandler00009
                0x80006bee                S2_DMPS_Text_Router_v1_0EventHandler00008
                0x800061aa                S2_DMPS_Text_Router_v1_0_main
                0x8000689c                S2_DMPS_Text_Router_v1_0EventHandler00001
                0x80006a8e                S2_DMPS_Text_Router_v1_0EventHandler00004
                0x80006d8a                S2_DMPS_Text_Router_v1_0EventHandler0000B
                0x80006b1a                S2_DMPS_Text_Router_v1_0EventHandler00007
                0x8000697a                S2_DMPS_Text_Router_v1_0EventHandler00002
                0x80005f66                S2_DMPS_Text_Router_v1_0_EventHandler
                0x800067be                S2_DMPS_Text_Router_v1_0EventHandler00000
                0x80003c78                S2_DMPS_Text_Router_v1_0EventHandler00005
                0x80004c2a                S2_DMPS_Text_Router_v1_0EventHandler00006
                0x80006a02                S2_DMPS_Text_Router_v1_0EventHandler00003
                0x80006ce6                S2_DMPS_Text_Router_v1_0EventHandler0000A
 .text          0x80006e0c    0x4be18 S2_DMPS_Installer_Tools_v1_13.o
                0x80042190                S2_DMPS_Installer_Tools_v1_13EventHandler00029
                0x80044cb0                S2_DMPS_Installer_Tools_v1_13EventHandler00051
                0x8003fbf0                S2_DMPS_Installer_Tools_v1_13EventHandler00014
                0x8005257a                S2_DMPS_Installer_Tools_v1_13EventHandler00044
                0x80016cea                S2_DMPS_Installer_Tools_v1_13EventHandler00001
                0x80012936                S2_DMPS_Installer_Tools_v1_13KEYPADIDWAIT
                0x80051fec                S2_DMPS_Installer_Tools_v1_13EventHandler0003B
                0x80052264                S2_DMPS_Installer_Tools_v1_13EventHandler0003F
                0x8001fc56                S2_DMPS_Installer_Tools_v1_13EventHandler00006
                0x800523a0                S2_DMPS_Installer_Tools_v1_13EventHandler00041
                0x8001b00a                S2_DMPS_Installer_Tools_v1_13EventHandler00004
                0x80052752                S2_DMPS_Installer_Tools_v1_13EventHandler00047
                0x80043a62                S2_DMPS_Installer_Tools_v1_13EventHandler0004D
                0x80046d84                S2_DMPS_Installer_Tools_v1_13_main
                0x800255d4                S2_DMPS_Installer_Tools_v1_13EventHandler0000A
                0x80042ce8                S2_DMPS_Installer_Tools_v1_13EventHandler0002F
                0x80051762                S2_DMPS_Installer_Tools_v1_13EventHandler00011
                0x80052b46                S2_DMPS_Installer_Tools_v1_13EventHandler00054
                0x80040cc6                S2_DMPS_Installer_Tools_v1_13EventHandler0001B
                0x80024c86                S2_DMPS_Installer_Tools_v1_13EventHandler00008
                0x8005288a                S2_DMPS_Installer_Tools_v1_13EventHandler00049
                0x80052bda                S2_DMPS_Installer_Tools_v1_13EventHandler00056
                0x80051eb0                S2_DMPS_Installer_Tools_v1_13EventHandler00039
                0x800517ee                S2_DMPS_Installer_Tools_v1_13EventHandler00019
                0x80041636                S2_DMPS_Installer_Tools_v1_13EventHandler00022
                0x80041cbe                S2_DMPS_Installer_Tools_v1_13EventHandler00026
                0x800516e6                S2_DMPS_Installer_Tools_v1_13PASSWORDWAIT
                0x800521c6                S2_DMPS_Installer_Tools_v1_13EventHandler0003E
                0x80052926                S2_DMPS_Installer_Tools_v1_13EventHandler0004A
                0x80040ffe                S2_DMPS_Installer_Tools_v1_13EventHandler0001C
                0x8004352a                S2_DMPS_Installer_Tools_v1_13EventHandler00032
                0x80052afc                S2_DMPS_Installer_Tools_v1_13EventHandler00053
                0x800424b0                S2_DMPS_Installer_Tools_v1_13EventHandler0002B
                0x800403cc                S2_DMPS_Installer_Tools_v1_13EventHandler00016
                0x80051b9a                S2_DMPS_Installer_Tools_v1_13EventHandler00034
                0x8003ddda                S2_DMPS_Installer_Tools_v1_13EventHandler0000E
                0x80046c60                S2_DMPS_Installer_Tools_v1_13_EventHandler
                0x800526b6                S2_DMPS_Installer_Tools_v1_13EventHandler00046
                0x8002575c                S2_DMPS_Installer_Tools_v1_13EventHandler0000B
                0x80052a5e                S2_DMPS_Installer_Tools_v1_13EventHandler0004E
                0x800172e6                S2_DMPS_Installer_Tools_v1_13EventHandler00003
                0x80052302                S2_DMPS_Installer_Tools_v1_13EventHandler00040
                0x80051f4e                S2_DMPS_Installer_Tools_v1_13EventHandler0003A
                0x8001b53e                S2_DMPS_Installer_Tools_v1_13EventHandler00005
                0x800527ee                S2_DMPS_Installer_Tools_v1_13EventHandler00048
                0x80052b90                S2_DMPS_Installer_Tools_v1_13EventHandler00055
                0x80051a2a                S2_DMPS_Installer_Tools_v1_13EventHandler0001E
                0x8002544c                S2_DMPS_Installer_Tools_v1_13EventHandler00009
                0x80043400                S2_DMPS_Installer_Tools_v1_13EventHandler00031
                0x8003e474                S2_DMPS_Installer_Tools_v1_13EventHandler00010
                0x8004197a                S2_DMPS_Installer_Tools_v1_13EventHandler00024
                0x8004373e                S2_DMPS_Installer_Tools_v1_13EventHandler0004C
                0x8004295c                S2_DMPS_Installer_Tools_v1_13EventHandler0002E
                0x80051cd6                S2_DMPS_Installer_Tools_v1_13EventHandler00036
                0x80042002                S2_DMPS_Installer_Tools_v1_13EventHandler00028
                0x80051e12                S2_DMPS_Installer_Tools_v1_13EventHandler00038
                0x8003d91e                S2_DMPS_Installer_Tools_v1_13RESTOREAUDIODEFAULTSWAIT
                0x8004263e                S2_DMPS_Installer_Tools_v1_13EventHandler0002C
                0x800407ba                S2_DMPS_Installer_Tools_v1_13EventHandler00017
                0x8003db7c                S2_DMPS_Installer_Tools_v1_13RESTOREDEFAULTSWAIT
                0x800529c2                S2_DMPS_Installer_Tools_v1_13EventHandler0004B
                0x80051afc                S2_DMPS_Installer_Tools_v1_13EventHandler00033
                0x8004451e                S2_DMPS_Installer_Tools_v1_13EventHandler00050
                0x80042320                S2_DMPS_Installer_Tools_v1_13EventHandler0002A
                0x8003faaa                S2_DMPS_Installer_Tools_v1_13EventHandler00013
                0x80045442                S2_DMPS_Installer_Tools_v1_13EventHandler00052
                0x8003ffde                S2_DMPS_Installer_Tools_v1_13EventHandler00015
                0x80029752                S2_DMPS_Installer_Tools_v1_13EventHandler0000C
                0x80043d8c                S2_DMPS_Installer_Tools_v1_13EventHandler0004F
                0x8005208a                S2_DMPS_Installer_Tools_v1_13EventHandler0003C
                0x800298ca                S2_DMPS_Installer_Tools_v1_13EventHandler0000D
                0x80045f7e                S2_DMPS_Installer_Tools_v1_13EventHandler00058
                0x800524dc                S2_DMPS_Installer_Tools_v1_13EventHandler00043
                0x80016696                S2_DMPS_Installer_Tools_v1_13EventHandler00000
                0x8002041c                S2_DMPS_Installer_Tools_v1_13EventHandler00007
                0x8005243e                S2_DMPS_Installer_Tools_v1_13EventHandler00042
                0x80052618                S2_DMPS_Installer_Tools_v1_13EventHandler00045
                0x80051724                S2_DMPS_Installer_Tools_v1_13WRONGPASSWORDWAIT
                0x8001704a                S2_DMPS_Installer_Tools_v1_13EventHandler00002
                0x8003ea88                S2_DMPS_Installer_Tools_v1_13EventHandler00012
                0x80045bd4                S2_DMPS_Installer_Tools_v1_13EventHandler00057
                0x800518c6                S2_DMPS_Installer_Tools_v1_13EventHandler0001A
                0x8004118c                S2_DMPS_Installer_Tools_v1_13EventHandler0001F
                0x80043074                S2_DMPS_Installer_Tools_v1_13EventHandler00030
                0x80051d74                S2_DMPS_Installer_Tools_v1_13EventHandler00037
                0x8003e148                S2_DMPS_Installer_Tools_v1_13EventHandler0000F
                0x800417d8                S2_DMPS_Installer_Tools_v1_13EventHandler00023
                0x80041b1c                S2_DMPS_Installer_Tools_v1_13EventHandler00025
                0x800427cc                S2_DMPS_Installer_Tools_v1_13EventHandler0002D
                0x80040a40                S2_DMPS_Installer_Tools_v1_13EventHandler00018
                0x800414a8                S2_DMPS_Installer_Tools_v1_13EventHandler00021
                0x8004131a                S2_DMPS_Installer_Tools_v1_13EventHandler00020
                0x80041e60                S2_DMPS_Installer_Tools_v1_13EventHandler00027
                0x8005199e                S2_DMPS_Installer_Tools_v1_13EventHandler0001D
                0x80051c38                S2_DMPS_Installer_Tools_v1_13EventHandler00035
                0x80052128                S2_DMPS_Installer_Tools_v1_13EventHandler0003D
 .text          0x80052c24     0x2168 S2_APAD_Long_Text_Edit.o
                0x80054ca4                S2_APAD_Long_Text_EditEventHandler0000D
                0x800546fe                S2_APAD_Long_Text_Edit_main
                0x80053958                S2_APAD_Long_Text_EditEventHandler00005
                0x800548f2                S2_APAD_Long_Text_EditEventHandler00002
                0x80054b6e                S2_APAD_Long_Text_EditEventHandler0000A
                0x80053f50                S2_APAD_Long_Text_EditEventHandler00007
                0x80054baa                S2_APAD_Long_Text_EditEventHandler0000B
                0x80053b80                S2_APAD_Long_Text_EditEventHandler00006
                0x800549b4                S2_APAD_Long_Text_EditEventHandler00003
                0x80054be6                S2_APAD_Long_Text_EditEventHandler0000C
                0x80054a4c                S2_APAD_Long_Text_EditEventHandler00008
                0x80054618                S2_APAD_Long_Text_Edit_EventHandler
                0x8005432a                S2_APAD_Long_Text_EditEventHandler00009
                0x80053442                S2_APAD_Long_Text_EditEventHandler00000
                0x800536f6                S2_APAD_Long_Text_EditEventHandler00004
                0x8005359c                S2_APAD_Long_Text_EditEventHandler00001
 .text          0x80054d8c     0x1078 S2_UserProgCmd_Interface_v1_0.o
                0x80054ea6                S2_UserProgCmd_Interface_v1_0EventHandler00000
                0x80055c8c                S2_UserProgCmd_Interface_v1_0_main
                0x80055ba8                S2_UserProgCmd_Interface_v1_0_EventHandler
 .text          0x80055e04      0x34c S2_UserProgCmd_Interface_Serial_To_Analog_v1_0.o
                0x80055f02                S2_UserProgCmd_Interface_Serial_To_Analog_v1_0_main
                0x80055e04                S2_UserProgCmd_Interface_Serial_To_Analog_v1_0_EventHandler
                0x800560c0                S2_UserProgCmd_Interface_Serial_To_Analog_v1_0EventHandler00001
                0x80055fce                S2_UserProgCmd_Interface_Serial_To_Analog_v1_0EventHandler00000
 .text          0x80056150     0x32b4 S2_DMPS_System_Info_V1_0_2.o
                0x80058f96                S2_DMPS_System_Info_V1_0_2EventHandler00002
                0x80059362                S2_DMPS_System_Info_V1_0_2EventHandler00008
                0x8005921e                S2_DMPS_System_Info_V1_0_2EventHandler00006
                0x80056150                S2_DMPS_System_Info_V1_0_2EventHandler00000
                0x80059038                S2_DMPS_System_Info_V1_0_2EventHandler00003
                0x80058c28                S2_DMPS_System_Info_V1_0_2_EventHandler
                0x80058cda                S2_DMPS_System_Info_V1_0_2_main
                0x80056558                S2_DMPS_System_Info_V1_0_2EventHandler00001
                0x80058ee2                S2_DMPS_System_Info_V1_0_2__SPLS_TMPVAR__WAITLABEL_0__
                0x8005917c                S2_DMPS_System_Info_V1_0_2EventHandler00005
                0x800590da                S2_DMPS_System_Info_V1_0_2EventHandler00004
                0x800592c0                S2_DMPS_System_Info_V1_0_2EventHandler00007
 .text          0x80059404     0x1e9c S2_Single_Line_Scroller_v1_2.o
                0x80059ab4                S2_Single_Line_Scroller_v1_2EventHandler00000
                0x8005a08a                S2_Single_Line_Scroller_v1_2EventHandler00001
                0x8005ae64                S2_Single_Line_Scroller_v1_2_main
                0x8005a22a                S2_Single_Line_Scroller_v1_2EventHandler00002
                0x8005b212                S2_Single_Line_Scroller_v1_2EventHandler00006
                0x8005aa82                S2_Single_Line_Scroller_v1_2EventHandler00007
                0x8005ad98                S2_Single_Line_Scroller_v1_2_EventHandler
                0x8005a86a                S2_Single_Line_Scroller_v1_2EventHandler00005
                0x8005a47e                S2_Single_Line_Scroller_v1_2EventHandler00003
                0x8005a6be                S2_Single_Line_Scroller_v1_2EventHandler00004
 .text          0x8005b2a0     0x1140 S2_IP_Address_Edit_with_Up_Down.o
                0x8005c368                S2_IP_Address_Edit_with_Up_DownEventHandler00000
                0x8005c3a4                S2_IP_Address_Edit_with_Up_DownEventHandler00001
                0x8005bfbc                S2_IP_Address_Edit_with_Up_Down_EventHandler
                0x8005c0aa                S2_IP_Address_Edit_with_Up_Down_main
 .text          0x8005c3e0      0xd38 S2_IP_Address_Edit_Acceleration.o
                0x8005c8b4                S2_IP_Address_Edit_AccelerationEventHandler00000
                0x8005cb48                S2_IP_Address_Edit_Acceleration_EventHandler
                0x8005cc26                S2_IP_Address_Edit_Acceleration_main
 .text          0x8005d118      0x53c S2_DMPS_Analog_To_String_Conversion_v1_1.o
                0x8005d118                S2_DMPS_Analog_To_String_Conversion_v1_1EventHandler00000
                0x8005d538                S2_DMPS_Analog_To_String_Conversion_v1_1_EventHandler
                0x8005d5f4                S2_DMPS_Analog_To_String_Conversion_v1_1_main
 .text          0x8005d654      0x31c S2_DMPS_String_to_Analog_Conversion_v1_1.o
                0x8005d8e0                S2_DMPS_String_to_Analog_Conversion_v1_1_main
                0x8005d654                S2_DMPS_String_to_Analog_Conversion_v1_1EventHandler00000
                0x8005d83a                S2_DMPS_String_to_Analog_Conversion_v1_1_EventHandler
 .text          0x8005d970      0x5d8 S2_StringSaver.o
                0x8005de38                S2_StringSaverEventHandler00001
                0x8005da96                S2_StringSaver_EventHandler
                0x8005ddee                S2_StringSaverEventHandler00000
                0x8005db84                S2_StringSaver_main
 .text          0x8005df48      0x502 S2_Generic_CEC_Source_Control_Processor_v1_0.o
                0x8005e26e                S2_Generic_CEC_Source_Control_Processor_v1_0_EventHandler
                0x8005e32a                S2_Generic_CEC_Source_Control_Processor_v1_0_main
                0x8005df48                S2_Generic_CEC_Source_Control_Processor_v1_0EventHandler00000
 *fill*         0x8005e44a        0x2
 .text          0x8005e44c     0x23aa S2_Add_or_Remove_Slave.o
                0x800603ca                S2_Add_or_Remove_Slave_main
                0x8005ead0                S2_Add_or_Remove_SlaveEventHandler00003
                0x8005e950                S2_Add_or_Remove_SlaveEventHandler00002
                0x80060300                S2_Add_or_Remove_Slave_EventHandler
                0x8005f0e2                S2_Add_or_Remove_SlaveEventHandler00005
                0x8005e754                S2_Add_or_Remove_SlaveEventHandler00001
                0x8005e44c                S2_Add_or_Remove_SlaveEventHandler00000
                0x8005ec54                S2_Add_or_Remove_SlaveEventHandler00004
 *fill*         0x800607f6        0x2
 .text          0x800607f8     0x8ad6 S2_Wireless_Mic_Monitoring.o
                0x80060c6a                S2_Wireless_Mic_MonitoringEventHandler00002
                0x80068e10                S2_Wireless_Mic_Monitoring_EventHandler
                0x80068f0e                S2_Wireless_Mic_Monitoring_main
                0x800607f8                S2_Wireless_Mic_MonitoringEventHandler00000
                0x80060a5e                S2_Wireless_Mic_MonitoringEventHandler00001
 *fill*         0x800692ce        0x2
 .text          0x800692d0     0x2d34 S2_NTP_Time_Sync_v1_0.o
                0x8006bea0                S2_NTP_Time_Sync_v1_0_main
                0x8006baf4                S2_NTP_Time_Sync_v1_0EventHandler00001
                0x8006bd94                S2_NTP_Time_Sync_v1_0_EventHandler
                0x8006b7ea                S2_NTP_Time_Sync_v1_0SERVERWAIT
                0x8006b47a                S2_NTP_Time_Sync_v1_0EventHandler00000
 .text          0x8006c004      0xafe S2_Input_Name.o
                0x8006c47c                S2_Input_NameEventHandler00002
                0x8006ca62                S2_Input_NameEventHandler00008
                0x8006c260                S2_Input_NameEventHandler00000
                0x8006c128                S2_Input_Name_EventHandler
                0x8006c9c2                S2_Input_NameEventHandler00007
                0x8006c58a                S2_Input_NameEventHandler00003
                0x8006c698                S2_Input_NameEventHandler00004
                0x8006c1ee                S2_Input_Name_main
                0x8006c8b4                S2_Input_NameEventHandler00006
                0x8006c36e                S2_Input_NameEventHandler00001
                0x8006c7a6                S2_Input_NameEventHandler00005
 *fill*         0x8006cb02        0x2
 .text          0x8006cb04     0x5ff6 S2_Metrics.o
                0x800710be                S2_MetricsEventHandler0000B
                0x8007001c                S2_MetricsEventHandler00000
                0x8007285e                S2_MetricsEventHandler00006
                0x800727a0                S2_MetricsEventHandler00005
                0x8007204a                S2_Metrics_main
                0x80071ec2                S2_Metrics_EventHandler
                0x80070f24                S2_MetricsEventHandler00008
                0x80070a88                S2_MetricsEventHandler00003
                0x80072796                S2_Metrics_QUEUEDEVENT_Destructor
                0x80072964                S2_MetricsEventHandler00009
                0x80072a3a                S2_MetricsEventHandler0000A
                0x80070cd6                S2_MetricsEventHandler00004
                0x80071d00                S2_Metrics_QUEUEDEVENT_Constructor
                0x80070804                S2_MetricsEventHandler00002
                0x8007290c                S2_MetricsEventHandler00007
                0x80070410                S2_MetricsEventHandler00001
 *fill*         0x80072afa        0x2
 .text          0x80072afc     0x5836 library.o
                0x80076ce8                RotateRightLong
                0x800772f6                IsSystem
                0x80076c4c                Seed
                0x80074544                Remove
                0x800768c8                Ltoa
                0x800765f4                Atoi
                0x8007595c                InitRampInfoArray
                0x800770a2                Right
                0x800780d2                LockInputSema
                0x80076b76                Mod
                0x80076d5e                Getc
                0x80076aaa                SMuldiv
                0x800772d8                IsHidden
                0x8007698e                Min
                0x80077ee6                hextosi
                0x8007747c                WriteIntegerArray
                0x800779f2                GetSignedIntArrayElementPtr
                0x80076316                CheckStructArray
                0x80077efa                hextosl
                0x80077602                WriteSignedIntegerArray
                0x80075fde                InitStringParamArray
                0x800752b0                ReadSignedLongIntegerArray
                0x800741d2                GatherToDelimiter
                0x80075e02                InitStringArray
                0x80076968                Max
                0x80077332                IsReadOnly
                0x80076a72                SMax
                0x80074376                GatherByLength
                0x80076802                Chr
                0x80077454                ReadSignedLongInteger
                0x80076880                Itohex
                0x80076288                GetStructArrayElement
                0x8007657c                UNS_SetByte
                0x80077076                ReverseFindi
                0x80075758                ReadStringArray
                0x80077802                GetIntArrayElementPtr
                0x80076eb2                Lower
                0x80076c68                RotateLeft
                0x8007801a                ResizeIfAutogrow
                0x80075a88                CheckInputArray
                0x8007306a                ResizeStringArray
                0x80076794                Atosl
                0x800765bc                High
                0x80076c18                Rnd
                0x80076b3a                UMod
                0x80076cbe                RotateLeftLong
                0x80078146                FindNumericChar
                0x80077c4a                CheckIOArrayBounds2
                0x80077290                MakeProgramFilename
                0x80076a8e                SMin
                0x80076de6                Left
                0x80076d28                CheckBufferThreshold
                0x8007740c                ReadSignedInteger
                0x800765e6                LowWord
                0x80072afc                Bit
                0x800773bc                ReadLongInteger
                0x800763fa                Byte
                0x800778fa                GetLongArrayElementPtr
                0x80077048                ReverseFind
                0x800772a6                GetSeries
                0x80078212                InitTcpServer
                0x80076e9a                Len
                0x80077d1a                InitializeRampInfoInternal
                0x800769b4                Divide
                0x80076700                Atol
                0x8007729c                GetModelNumber
                0x80077be2                CheckIOArrayBounds
                0x80075ae2                CheckStringInputArray
                0x800776c4                WriteSignedLongIntegerArray
                0x800761d2                GetStringArrayElement
                0x8007690c                Ltohex
                0x80076838                Itoa
                0x80076c92                RotateRight
                0x80074832                InternalReverseFind
                0x8007739c                WriteLongInteger
                0x80075d06                InitDynamicStringStruct
                0x80075bf8                SetStringArray
                0x8007508e                ReadSignedIntegerArray
                0x80075b3c                SetOutputArray
                0x8007734c                WriteInteger
                0x80076166                InitStructDynamicArray
                0x80074abc                SetString
                0x80076bb2                Random
                0x800773e4                WriteSignedInteger
                0x80072d60                Find
                0x800772b0                GetProgramNumber
                0x80076f86                Mid
                0x80078184                InitTcpClient
                0x80073c4e                ResizeStructArray
                0x80077aea                GetSignedLongArrayElementPtr
                0x80077f0c                hextol
                0x800754d2                ReadString
                0x80075e98                InitDynamicStringArray
                0x80077ff2                UpperChar
                0x80076690                Atosi
                0x80077374                ReadInteger
                0x80076a26                Muldiv
                0x80075baa                SetStringOutputArray
                0x80077788                WriteString
                0x800736c2                ResizeIntegerArray
                0x80075a50                InitInOutArray
                0x800760a6                InitNvramStringArray
                0x80076950                Abs
                0x80076af6                SDivide
                0x80074c4c                ReadIntegerArray
                0x80072c0c                CompareStrings
                0x80077fca                LowerChar
                0x800782a2                InitUdpSocket
                0x80076d10                ClearBuffer
                0x8007715e                Upper
                0x80076142                InitStructArray
                0x80077234                MakeLower
                0x80077314                IsVolume
                0x8007469e                RemoveByLength
                0x80076392                CheckStringOutputArrayIndex
                0x8007753e                WriteLongIntegerArray
                0x80077dc6                InitRampInfoStructArray
                0x800765d8                HighWord
                0x80072ed4                ResizeString
                0x800772ba                IsDirectory
                0x80074e6c                ReadLongIntegerArray
                0x800765ca                Low
                0x80074078                Gather
                0x80077262                MakeUpper
                0x80075cc8                InitStringStruct
                0x80077cb2                CheckStringArrayBounds
                0x800769f8                CheckDenominator
                0x80077ece                hextoi
                0x800755f0                WriteStringArray
                0x800764ba                SetByte
                0x80077d70                InitializeRampInfo
                0x8007810c                UnLockInputSema
                0x80077434                WriteSignedLongInteger
                0x80075dba                InitNvramStringStruct
 *fill*         0x80078332        0xe
                0x80078340                .=ALIGN(0x10)
 *(.eh_frame)
                0x80078340                .=ALIGN(0x10)
 *(.gnu.linkonce.t.*)
                0x80078340                .=ALIGN(0x4)
                0x80078340                __CTOR_LIST__=.
                0x80078340                ___CTOR_LIST__=.
                0x80078340        0x4 LONG 0x0 (((__CTOR_END__-__CTOR_LIST__)/0x4)-0x2)
 *(.ctors)
                0x80078344        0x4 LONG 0x0
                0x80078348                __CTOR_END__=.
                0x80078348                __DTOR_LIST__=.
                0x80078348                ___DTOR_LIST__=.
                0x80078348        0x4 LONG 0x0 (((__DTOR_END__-__DTOR_LIST__)/0x4)-0x2)
 *(.dtors)
                0x8007834c        0x4 LONG 0x0
                0x80078350                __DTOR_END__=.
 *(.rodata)
 .rodata        0x80078350      0x23b S2_String_Check.o
 .rodata        0x8007858b      0x2f5 S2_MPS_Text_Centering.o
 .rodata        0x80078880      0x3fb S2_Knob_Acceleration__Pkt_.o
 .rodata        0x80078c7b      0x687 S2_DMPS_Text_Router_v1_0.o
 .rodata        0x80079302     0x2b1d S2_DMPS_Installer_Tools_v1_13.o
 .rodata        0x8007be1f      0x3b7 S2_APAD_Long_Text_Edit.o
 .rodata        0x8007c1d6      0x457 S2_UserProgCmd_Interface_v1_0.o
 .rodata        0x8007c62d      0x24a S2_UserProgCmd_Interface_Serial_To_Analog_v1_0.o
 .rodata        0x8007c877      0x814 S2_DMPS_System_Info_V1_0_2.o
 .rodata        0x8007d08b      0x38d S2_Single_Line_Scroller_v1_2.o
 .rodata        0x8007d418      0x261 S2_IP_Address_Edit_with_Up_Down.o
 .rodata        0x8007d679      0x2de S2_IP_Address_Edit_Acceleration.o
 .rodata        0x8007d957      0x2d2 S2_DMPS_Analog_To_String_Conversion_v1_1.o
 .rodata        0x8007dc29      0x23b S2_DMPS_String_to_Analog_Conversion_v1_1.o
 .rodata        0x8007de64      0x2de S2_StringSaver.o
 .rodata        0x8007e142      0x2c0 S2_Generic_CEC_Source_Control_Processor_v1_0.o
 .rodata        0x8007e402      0x5be S2_Add_or_Remove_Slave.o
 .rodata        0x8007e9c0      0xe25 S2_Wireless_Mic_Monitoring.o
 .rodata        0x8007f7e5      0x836 S2_NTP_Time_Sync_v1_0.o
 .rodata        0x8008001b      0x2d7 S2_Input_Name.o
 .rodata        0x800802f2      0xed4 S2_Metrics.o
 .rodata        0x800811c6      0xc54 library.o
 *(.gcc_except_table)
                0x80081e1a                .=ALIGN(0x2)
                0x80081e1a                __INIT_SECTION__=.
                0x80081e1a        0x4 LONG 0x4e560000
 *(.init)
                0x80081e1e        0x2 SHORT 0x4e5e
                0x80081e20        0x2 SHORT 0x4e75
                0x80081e22                __FINI_SECTION__=.
                0x80081e22        0x4 LONG 0x4e560000
 *(.fini)
                0x80081e26        0x2 SHORT 0x4e5e
                0x80081e28        0x2 SHORT 0x4e75
 *(.lit)
 *fill*         0x80081e2a        0x6
                0x80081e30                .=ALIGN(0x10)
                0x80081e30                _etext=.
                0x80081e30                etext=.

.data           0x80081e30        0x0
                0x80081e30                copy_start=.
 *(.shdata)
 *(.data)
 *(.gnu.linkonce.d.*)
                0x80081e30                .=ALIGN(0x10)
                0x80081e30                _edata=.
                0x80081e30                copy_end=.

.got
 *(.got.plt)
 *(.got)

EntryList       0x80081e30     0x1650
 *(EntryList)
 EntryList      0x80081e30      0x110 S2_String_Check.o
                0x80081e30                S2_String_Check_Entry
 EntryList      0x80081f40      0x110 S2_MPS_Text_Centering.o
                0x80081f40                S2_MPS_Text_Centering_Entry
 EntryList      0x80082050      0x110 S2_Knob_Acceleration__Pkt_.o
                0x80082050                S2_Knob_Acceleration__Pkt__Entry
 EntryList      0x80082160      0x110 S2_DMPS_Text_Router_v1_0.o
                0x80082160                S2_DMPS_Text_Router_v1_0_Entry
 EntryList      0x80082270      0x110 S2_DMPS_Installer_Tools_v1_13.o
                0x80082270                S2_DMPS_Installer_Tools_v1_13_Entry
 EntryList      0x80082380      0x110 S2_APAD_Long_Text_Edit.o
                0x80082380                S2_APAD_Long_Text_Edit_Entry
 EntryList      0x80082490      0x110 S2_UserProgCmd_Interface_v1_0.o
                0x80082490                S2_UserProgCmd_Interface_v1_0_Entry
 EntryList      0x800825a0      0x110 S2_UserProgCmd_Interface_Serial_To_Analog_v1_0.o
                0x800825a0                S2_UserProgCmd_Interface_Serial_To_Analog_v1_0_Entry
 EntryList      0x800826b0      0x110 S2_DMPS_System_Info_V1_0_2.o
                0x800826b0                S2_DMPS_System_Info_V1_0_2_Entry
 EntryList      0x800827c0      0x110 S2_Single_Line_Scroller_v1_2.o
                0x800827c0                S2_Single_Line_Scroller_v1_2_Entry
 EntryList      0x800828d0      0x110 S2_IP_Address_Edit_with_Up_Down.o
                0x800828d0                S2_IP_Address_Edit_with_Up_Down_Entry
 EntryList      0x800829e0      0x110 S2_IP_Address_Edit_Acceleration.o
                0x800829e0                S2_IP_Address_Edit_Acceleration_Entry
 EntryList      0x80082af0      0x110 S2_DMPS_Analog_To_String_Conversion_v1_1.o
                0x80082af0                S2_DMPS_Analog_To_String_Conversion_v1_1_Entry
 EntryList      0x80082c00      0x110 S2_DMPS_String_to_Analog_Conversion_v1_1.o
                0x80082c00                S2_DMPS_String_to_Analog_Conversion_v1_1_Entry
 EntryList      0x80082d10      0x110 S2_StringSaver.o
                0x80082d10                S2_StringSaver_Entry
 EntryList      0x80082e20      0x110 S2_Generic_CEC_Source_Control_Processor_v1_0.o
                0x80082e20                S2_Generic_CEC_Source_Control_Processor_v1_0_Entry
 EntryList      0x80082f30      0x110 S2_Add_or_Remove_Slave.o
                0x80082f30                S2_Add_or_Remove_Slave_Entry
 EntryList      0x80083040      0x110 S2_Wireless_Mic_Monitoring.o
                0x80083040                S2_Wireless_Mic_Monitoring_Entry
 EntryList      0x80083150      0x110 S2_NTP_Time_Sync_v1_0.o
                0x80083150                S2_NTP_Time_Sync_v1_0_Entry
 EntryList      0x80083260      0x110 S2_Input_Name.o
                0x80083260                S2_Input_Name_Entry
 EntryList      0x80083370      0x110 S2_Metrics.o
                0x80083370                S2_Metrics_Entry
                0x80083480                .=ALIGN(0x4)

FunctionList    0x80083480        0x4
 *(FunctionList)
 FunctionList   0x80083480        0x4 globals.o
                0x80083480                g_pFunctions
                0x80083484                .=ALIGN(0x4)

.bss            0x80083484        0x0
                0x80083484                .=ALIGN(0x4)
                0x80083484                __bss_start=.
 *(.shbss)
 *(.bss)
 *(COMMON)
                0x80083488                _end=ALIGN(0x8)
                0x80083488                __end=_end

.stab
 *(.stab)

.stabstr
 *(.stabstr)

.debug
 *(.debug)

.line
 *(.line)

.debug_srcinfo
 *(.debug_srcinfo)

.debug_sfnames
 *(.debug_sfnames)

.debug_aranges
 *(.debug_aranges)

.debug_pubnames
 *(.debug_pubnames)

.debug_info
 *(.debug_info)

.debug_abbrev
 *(.debug_abbrev)

.debug_line
 *(.debug_line)

.debug_frame
 *(.debug_frame)

.debug_str
 *(.debug_str)

.debug_loc
 *(.debug_loc)

.debug_macinfo
 *(.debug_macinfo)

.debug_weaknames
 *(.debug_weaknames)

.debug_funcnames
 *(.debug_funcnames)

.debug_typenames
 *(.debug_typenames)

.debug_varnames
 *(.debug_varnames)
LOAD S2_String_Check.o
LOAD S2_MPS_Text_Centering.o
LOAD S2_Knob_Acceleration__Pkt_.o
LOAD S2_DMPS_Text_Router_v1_0.o
LOAD S2_DMPS_Installer_Tools_v1_13.o
LOAD S2_APAD_Long_Text_Edit.o
LOAD S2_UserProgCmd_Interface_v1_0.o
LOAD S2_UserProgCmd_Interface_Serial_To_Analog_v1_0.o
LOAD S2_DMPS_System_Info_V1_0_2.o
LOAD S2_Single_Line_Scroller_v1_2.o
LOAD S2_IP_Address_Edit_with_Up_Down.o
LOAD S2_IP_Address_Edit_Acceleration.o
LOAD S2_DMPS_Analog_To_String_Conversion_v1_1.o
LOAD S2_DMPS_String_to_Analog_Conversion_v1_1.o
LOAD S2_StringSaver.o
LOAD S2_Generic_CEC_Source_Control_Processor_v1_0.o
LOAD S2_Add_or_Remove_Slave.o
LOAD S2_Wireless_Mic_Monitoring.o
LOAD S2_NTP_Time_Sync_v1_0.o
LOAD S2_Input_Name.o
LOAD S2_Metrics.o
LOAD globals.o
LOAD library.o
OUTPUT(_S2_TEC_HD.spl elf32-m68k)

.comment        0x80083484      0x36a
 .comment       0x80083484       0x26 S2_String_Check.o
 .comment       0x800834aa       0x26 S2_MPS_Text_Centering.o
 .comment       0x800834d0       0x26 S2_Knob_Acceleration__Pkt_.o
 .comment       0x800834f6       0x26 S2_DMPS_Text_Router_v1_0.o
 .comment       0x8008351c       0x26 S2_DMPS_Installer_Tools_v1_13.o
 .comment       0x80083542       0x26 S2_APAD_Long_Text_Edit.o
 .comment       0x80083568       0x26 S2_UserProgCmd_Interface_v1_0.o
 .comment       0x8008358e       0x26 S2_UserProgCmd_Interface_Serial_To_Analog_v1_0.o
 .comment       0x800835b4       0x26 S2_DMPS_System_Info_V1_0_2.o
 .comment       0x800835da       0x26 S2_Single_Line_Scroller_v1_2.o
 .comment       0x80083600       0x26 S2_IP_Address_Edit_with_Up_Down.o
 .comment       0x80083626       0x26 S2_IP_Address_Edit_Acceleration.o
 .comment       0x8008364c       0x26 S2_DMPS_Analog_To_String_Conversion_v1_1.o
 .comment       0x80083672       0x26 S2_DMPS_String_to_Analog_Conversion_v1_1.o
 .comment       0x80083698       0x26 S2_StringSaver.o
 .comment       0x800836be       0x26 S2_Generic_CEC_Source_Control_Processor_v1_0.o
 .comment       0x800836e4       0x26 S2_Add_or_Remove_Slave.o
 .comment       0x8008370a       0x26 S2_Wireless_Mic_Monitoring.o
 .comment       0x80083730       0x26 S2_NTP_Time_Sync_v1_0.o
 .comment       0x80083756       0x26 S2_Input_Name.o
 .comment       0x8008377c       0x26 S2_Metrics.o
 .comment       0x800837a2       0x26 globals.o
 .comment       0x800837c8       0x26 library.o
