
Memory Configuration

Name             Origin             Length             Attributes
ram              0x80000000         0x00500000         xrw
*default*        0x00000000         0xffffffff

Linker script and memory map

                0x00000000                __DYNAMIC=0x0
                0x00400000                PROVIDE (__stack, 0x400000)
                0x00000000                PROVIDE (hardware_init_hook, 0x0)
                0x00000000                PROVIDE (_hardware_init_hook, 0x0)
                0x00000000                PROVIDE (software_init_hook, 0x0)
                0x00000000                PROVIDE (_software_init_hook, 0x0)

.text           0x80000000    0x89ac0
 *(.text)
 .text          0x80000000      0x258 S2_String_Check.o
                0x80000000                S2_String_Check_EventHandler
                0x8000017e                S2_String_CheckEventHandler00000
                0x800000bc                S2_String_Check_main
 .text          0x80000258      0x94a S2_MPS_Text_Centering.o
                0x80000710                S2_MPS_Text_CenteringEventHandler00000
                0x800009c2                S2_MPS_Text_Centering_main
                0x800008f2                S2_MPS_Text_Centering_EventHandler
 *fill*         0x80000ba2        0x2
 .text          0x80000ba4      0xe48 S2_Knob_Acceleration__Pkt_.o
                0x80001518                S2_Knob_Acceleration__Pkt__main
                0x800011a6                S2_Knob_Acceleration__Pkt_EventHandler00000
                0x8000143a                S2_Knob_Acceleration__Pkt__EventHandler
 .text          0x800019ec     0x5420 S2_DMPS_Text_Router_v1_0.o
                0x80006c44                S2_DMPS_Text_Router_v1_0EventHandler00009
                0x80006bee                S2_DMPS_Text_Router_v1_0EventHandler00008
                0x800061aa                S2_DMPS_Text_Router_v1_0_main
                0x8000689c                S2_DMPS_Text_Router_v1_0EventHandler00001
                0x80006a8e                S2_DMPS_Text_Router_v1_0EventHandler00004
                0x80006d8a                S2_DMPS_Text_Router_v1_0EventHandler0000B
                0x80006b1a                S2_DMPS_Text_Router_v1_0EventHandler00007
                0x8000697a                S2_DMPS_Text_Router_v1_0EventHandler00002
                0x80005f66                S2_DMPS_Text_Router_v1_0_EventHandler
                0x800067be                S2_DMPS_Text_Router_v1_0EventHandler00000
                0x80003c78                S2_DMPS_Text_Router_v1_0EventHandler00005
                0x80004c2a                S2_DMPS_Text_Router_v1_0EventHandler00006
                0x80006a02                S2_DMPS_Text_Router_v1_0EventHandler00003
                0x80006ce6                S2_DMPS_Text_Router_v1_0EventHandler0000A
 .text          0x80006e0c    0x4be18 S2_DMPS_Installer_Tools_v1_13.o
                0x80042190                S2_DMPS_Installer_Tools_v1_13EventHandler00029
                0x80044cb0                S2_DMPS_Installer_Tools_v1_13EventHandler00051
                0x8003fbf0                S2_DMPS_Installer_Tools_v1_13EventHandler00014
                0x8005257a                S2_DMPS_Installer_Tools_v1_13EventHandler00044
                0x80016cea                S2_DMPS_Installer_Tools_v1_13EventHandler00001
                0x80012936                S2_DMPS_Installer_Tools_v1_13KEYPADIDWAIT
                0x80051fec                S2_DMPS_Installer_Tools_v1_13EventHandler0003B
                0x80052264                S2_DMPS_Installer_Tools_v1_13EventHandler0003F
                0x8001fc56                S2_DMPS_Installer_Tools_v1_13EventHandler00006
                0x800523a0                S2_DMPS_Installer_Tools_v1_13EventHandler00041
                0x8001b00a                S2_DMPS_Installer_Tools_v1_13EventHandler00004
                0x80052752                S2_DMPS_Installer_Tools_v1_13EventHandler00047
                0x80043a62                S2_DMPS_Installer_Tools_v1_13EventHandler0004D
                0x80046d84                S2_DMPS_Installer_Tools_v1_13_main
                0x800255d4                S2_DMPS_Installer_Tools_v1_13EventHandler0000A
                0x80042ce8                S2_DMPS_Installer_Tools_v1_13EventHandler0002F
                0x80051762                S2_DMPS_Installer_Tools_v1_13EventHandler00011
                0x80052b46                S2_DMPS_Installer_Tools_v1_13EventHandler00054
                0x80040cc6                S2_DMPS_Installer_Tools_v1_13EventHandler0001B
                0x80024c86                S2_DMPS_Installer_Tools_v1_13EventHandler00008
                0x8005288a                S2_DMPS_Installer_Tools_v1_13EventHandler00049
                0x80052bda                S2_DMPS_Installer_Tools_v1_13EventHandler00056
                0x80051eb0                S2_DMPS_Installer_Tools_v1_13EventHandler00039
                0x800517ee                S2_DMPS_Installer_Tools_v1_13EventHandler00019
                0x80041636                S2_DMPS_Installer_Tools_v1_13EventHandler00022
                0x80041cbe                S2_DMPS_Installer_Tools_v1_13EventHandler00026
                0x800516e6                S2_DMPS_Installer_Tools_v1_13PASSWORDWAIT
                0x800521c6                S2_DMPS_Installer_Tools_v1_13EventHandler0003E
                0x80052926                S2_DMPS_Installer_Tools_v1_13EventHandler0004A
                0x80040ffe                S2_DMPS_Installer_Tools_v1_13EventHandler0001C
                0x8004352a                S2_DMPS_Installer_Tools_v1_13EventHandler00032
                0x80052afc                S2_DMPS_Installer_Tools_v1_13EventHandler00053
                0x800424b0                S2_DMPS_Installer_Tools_v1_13EventHandler0002B
                0x800403cc                S2_DMPS_Installer_Tools_v1_13EventHandler00016
                0x80051b9a                S2_DMPS_Installer_Tools_v1_13EventHandler00034
                0x8003ddda                S2_DMPS_Installer_Tools_v1_13EventHandler0000E
                0x80046c60                S2_DMPS_Installer_Tools_v1_13_EventHandler
                0x800526b6                S2_DMPS_Installer_Tools_v1_13EventHandler00046
                0x8002575c                S2_DMPS_Installer_Tools_v1_13EventHandler0000B
                0x80052a5e                S2_DMPS_Installer_Tools_v1_13EventHandler0004E
                0x800172e6                S2_DMPS_Installer_Tools_v1_13EventHandler00003
                0x80052302                S2_DMPS_Installer_Tools_v1_13EventHandler00040
                0x80051f4e                S2_DMPS_Installer_Tools_v1_13EventHandler0003A
                0x8001b53e                S2_DMPS_Installer_Tools_v1_13EventHandler00005
                0x800527ee                S2_DMPS_Installer_Tools_v1_13EventHandler00048
                0x80052b90                S2_DMPS_Installer_Tools_v1_13EventHandler00055
                0x80051a2a                S2_DMPS_Installer_Tools_v1_13EventHandler0001E
                0x8002544c                S2_DMPS_Installer_Tools_v1_13EventHandler00009
                0x80043400                S2_DMPS_Installer_Tools_v1_13EventHandler00031
                0x8003e474                S2_DMPS_Installer_Tools_v1_13EventHandler00010
                0x8004197a                S2_DMPS_Installer_Tools_v1_13EventHandler00024
                0x8004373e                S2_DMPS_Installer_Tools_v1_13EventHandler0004C
                0x8004295c                S2_DMPS_Installer_Tools_v1_13EventHandler0002E
                0x80051cd6                S2_DMPS_Installer_Tools_v1_13EventHandler00036
                0x80042002                S2_DMPS_Installer_Tools_v1_13EventHandler00028
                0x80051e12                S2_DMPS_Installer_Tools_v1_13EventHandler00038
                0x8003d91e                S2_DMPS_Installer_Tools_v1_13RESTOREAUDIODEFAULTSWAIT
                0x8004263e                S2_DMPS_Installer_Tools_v1_13EventHandler0002C
                0x800407ba                S2_DMPS_Installer_Tools_v1_13EventHandler00017
                0x8003db7c                S2_DMPS_Installer_Tools_v1_13RESTOREDEFAULTSWAIT
                0x800529c2                S2_DMPS_Installer_Tools_v1_13EventHandler0004B
                0x80051afc                S2_DMPS_Installer_Tools_v1_13EventHandler00033
                0x8004451e                S2_DMPS_Installer_Tools_v1_13EventHandler00050
                0x80042320                S2_DMPS_Installer_Tools_v1_13EventHandler0002A
                0x8003faaa                S2_DMPS_Installer_Tools_v1_13EventHandler00013
                0x80045442                S2_DMPS_Installer_Tools_v1_13EventHandler00052
                0x8003ffde                S2_DMPS_Installer_Tools_v1_13EventHandler00015
                0x80029752                S2_DMPS_Installer_Tools_v1_13EventHandler0000C
                0x80043d8c                S2_DMPS_Installer_Tools_v1_13EventHandler0004F
                0x8005208a                S2_DMPS_Installer_Tools_v1_13EventHandler0003C
                0x800298ca                S2_DMPS_Installer_Tools_v1_13EventHandler0000D
                0x80045f7e                S2_DMPS_Installer_Tools_v1_13EventHandler00058
                0x800524dc                S2_DMPS_Installer_Tools_v1_13EventHandler00043
                0x80016696                S2_DMPS_Installer_Tools_v1_13EventHandler00000
                0x8002041c                S2_DMPS_Installer_Tools_v1_13EventHandler00007
                0x8005243e                S2_DMPS_Installer_Tools_v1_13EventHandler00042
                0x80052618                S2_DMPS_Installer_Tools_v1_13EventHandler00045
                0x80051724                S2_DMPS_Installer_Tools_v1_13WRONGPASSWORDWAIT
                0x8001704a                S2_DMPS_Installer_Tools_v1_13EventHandler00002
                0x8003ea88                S2_DMPS_Installer_Tools_v1_13EventHandler00012
                0x80045bd4                S2_DMPS_Installer_Tools_v1_13EventHandler00057
                0x800518c6                S2_DMPS_Installer_Tools_v1_13EventHandler0001A
                0x8004118c                S2_DMPS_Installer_Tools_v1_13EventHandler0001F
                0x80043074                S2_DMPS_Installer_Tools_v1_13EventHandler00030
                0x80051d74                S2_DMPS_Installer_Tools_v1_13EventHandler00037
                0x8003e148                S2_DMPS_Installer_Tools_v1_13EventHandler0000F
                0x800417d8                S2_DMPS_Installer_Tools_v1_13EventHandler00023
                0x80041b1c                S2_DMPS_Installer_Tools_v1_13EventHandler00025
                0x800427cc                S2_DMPS_Installer_Tools_v1_13EventHandler0002D
                0x80040a40                S2_DMPS_Installer_Tools_v1_13EventHandler00018
                0x800414a8                S2_DMPS_Installer_Tools_v1_13EventHandler00021
                0x8004131a                S2_DMPS_Installer_Tools_v1_13EventHandler00020
                0x80041e60                S2_DMPS_Installer_Tools_v1_13EventHandler00027
                0x8005199e                S2_DMPS_Installer_Tools_v1_13EventHandler0001D
                0x80051c38                S2_DMPS_Installer_Tools_v1_13EventHandler00035
                0x80052128                S2_DMPS_Installer_Tools_v1_13EventHandler0003D
 .text          0x80052c24     0x2168 S2_APAD_Long_Text_Edit.o
                0x80054ca4                S2_APAD_Long_Text_EditEventHandler0000D
                0x800546fe                S2_APAD_Long_Text_Edit_main
                0x80053958                S2_APAD_Long_Text_EditEventHandler00005
                0x800548f2                S2_APAD_Long_Text_EditEventHandler00002
                0x80054b6e                S2_APAD_Long_Text_EditEventHandler0000A
                0x80053f50                S2_APAD_Long_Text_EditEventHandler00007
                0x80054baa                S2_APAD_Long_Text_EditEventHandler0000B
                0x80053b80                S2_APAD_Long_Text_EditEventHandler00006
                0x800549b4                S2_APAD_Long_Text_EditEventHandler00003
                0x80054be6                S2_APAD_Long_Text_EditEventHandler0000C
                0x80054a4c                S2_APAD_Long_Text_EditEventHandler00008
                0x80054618                S2_APAD_Long_Text_Edit_EventHandler
                0x8005432a                S2_APAD_Long_Text_EditEventHandler00009
                0x80053442                S2_APAD_Long_Text_EditEventHandler00000
                0x800536f6                S2_APAD_Long_Text_EditEventHandler00004
                0x8005359c                S2_APAD_Long_Text_EditEventHandler00001
 .text          0x80054d8c     0x1078 S2_UserProgCmd_Interface_v1_0.o
                0x80054ea6                S2_UserProgCmd_Interface_v1_0EventHandler00000
                0x80055c8c                S2_UserProgCmd_Interface_v1_0_main
                0x80055ba8                S2_UserProgCmd_Interface_v1_0_EventHandler
 .text          0x80055e04      0x34c S2_UserProgCmd_Interface_Serial_To_Analog_v1_0.o
                0x80055f02                S2_UserProgCmd_Interface_Serial_To_Analog_v1_0_main
                0x80055e04                S2_UserProgCmd_Interface_Serial_To_Analog_v1_0_EventHandler
                0x800560c0                S2_UserProgCmd_Interface_Serial_To_Analog_v1_0EventHandler00001
                0x80055fce                S2_UserProgCmd_Interface_Serial_To_Analog_v1_0EventHandler00000
 .text          0x80056150     0x32b4 S2_DMPS_System_Info_V1_0_2.o
                0x80058f96                S2_DMPS_System_Info_V1_0_2EventHandler00002
                0x80059362                S2_DMPS_System_Info_V1_0_2EventHandler00008
                0x8005921e                S2_DMPS_System_Info_V1_0_2EventHandler00006
                0x80056150                S2_DMPS_System_Info_V1_0_2EventHandler00000
                0x80059038                S2_DMPS_System_Info_V1_0_2EventHandler00003
                0x80058c28                S2_DMPS_System_Info_V1_0_2_EventHandler
                0x80058cda                S2_DMPS_System_Info_V1_0_2_main
                0x80056558                S2_DMPS_System_Info_V1_0_2EventHandler00001
                0x80058ee2                S2_DMPS_System_Info_V1_0_2__SPLS_TMPVAR__WAITLABEL_0__
                0x8005917c                S2_DMPS_System_Info_V1_0_2EventHandler00005
                0x800590da                S2_DMPS_System_Info_V1_0_2EventHandler00004
                0x800592c0                S2_DMPS_System_Info_V1_0_2EventHandler00007
 .text          0x80059404     0x1e9c S2_Single_Line_Scroller_v1_2.o
                0x80059ab4                S2_Single_Line_Scroller_v1_2EventHandler00000
                0x8005a08a                S2_Single_Line_Scroller_v1_2EventHandler00001
                0x8005ae64                S2_Single_Line_Scroller_v1_2_main
                0x8005a22a                S2_Single_Line_Scroller_v1_2EventHandler00002
                0x8005b212                S2_Single_Line_Scroller_v1_2EventHandler00006
                0x8005aa82                S2_Single_Line_Scroller_v1_2EventHandler00007
                0x8005ad98                S2_Single_Line_Scroller_v1_2_EventHandler
                0x8005a86a                S2_Single_Line_Scroller_v1_2EventHandler00005
                0x8005a47e                S2_Single_Line_Scroller_v1_2EventHandler00003
                0x8005a6be                S2_Single_Line_Scroller_v1_2EventHandler00004
 .text          0x8005b2a0     0x1140 S2_IP_Address_Edit_with_Up_Down.o
                0x8005c368                S2_IP_Address_Edit_with_Up_DownEventHandler00000
                0x8005c3a4                S2_IP_Address_Edit_with_Up_DownEventHandler00001
                0x8005bfbc                S2_IP_Address_Edit_with_Up_Down_EventHandler
                0x8005c0aa                S2_IP_Address_Edit_with_Up_Down_main
 .text          0x8005c3e0      0xd38 S2_IP_Address_Edit_Acceleration.o
                0x8005c8b4                S2_IP_Address_Edit_AccelerationEventHandler00000
                0x8005cb48                S2_IP_Address_Edit_Acceleration_EventHandler
                0x8005cc26                S2_IP_Address_Edit_Acceleration_main
 .text          0x8005d118      0x53c S2_DMPS_Analog_To_String_Conversion_v1_1.o
                0x8005d118                S2_DMPS_Analog_To_String_Conversion_v1_1EventHandler00000
                0x8005d538                S2_DMPS_Analog_To_String_Conversion_v1_1_EventHandler
                0x8005d5f4                S2_DMPS_Analog_To_String_Conversion_v1_1_main
 .text          0x8005d654      0x31c S2_DMPS_String_to_Analog_Conversion_v1_1.o
                0x8005d8e0                S2_DMPS_String_to_Analog_Conversion_v1_1_main
                0x8005d654                S2_DMPS_String_to_Analog_Conversion_v1_1EventHandler00000
                0x8005d83a                S2_DMPS_String_to_Analog_Conversion_v1_1_EventHandler
 .text          0x8005d970      0x5d8 S2_StringSaver.o
                0x8005de38                S2_StringSaverEventHandler00001
                0x8005da96                S2_StringSaver_EventHandler
                0x8005ddee                S2_StringSaverEventHandler00000
                0x8005db84                S2_StringSaver_main
 .text          0x8005df48      0x502 S2_Generic_CEC_Source_Control_Processor_v1_0.o
                0x8005e26e                S2_Generic_CEC_Source_Control_Processor_v1_0_EventHandler
                0x8005e32a                S2_Generic_CEC_Source_Control_Processor_v1_0_main
                0x8005df48                S2_Generic_CEC_Source_Control_Processor_v1_0EventHandler00000
 *fill*         0x8005e44a        0x2
 .text          0x8005e44c     0x2380 S2_Add_or_Remove_Slave.o
                0x800603a0                S2_Add_or_Remove_Slave_main
                0x8005ead0                S2_Add_or_Remove_SlaveEventHandler00003
                0x8005e950                S2_Add_or_Remove_SlaveEventHandler00002
                0x800602d6                S2_Add_or_Remove_Slave_EventHandler
                0x8005f0e2                S2_Add_or_Remove_SlaveEventHandler00005
                0x8005e754                S2_Add_or_Remove_SlaveEventHandler00001
                0x8005e44c                S2_Add_or_Remove_SlaveEventHandler00000
                0x8005ec54                S2_Add_or_Remove_SlaveEventHandler00004
 .text          0x800607cc     0x8ad6 S2_Wireless_Mic_Monitoring.o
                0x80060c3e                S2_Wireless_Mic_MonitoringEventHandler00002
                0x80068de4                S2_Wireless_Mic_Monitoring_EventHandler
                0x80068ee2                S2_Wireless_Mic_Monitoring_main
                0x800607cc                S2_Wireless_Mic_MonitoringEventHandler00000
                0x80060a32                S2_Wireless_Mic_MonitoringEventHandler00001
 *fill*         0x800692a2        0x2
 .text          0x800692a4     0x2d34 S2_NTP_Time_Sync_v1_0.o
                0x8006be74                S2_NTP_Time_Sync_v1_0_main
                0x8006bac8                S2_NTP_Time_Sync_v1_0EventHandler00001
                0x8006bd68                S2_NTP_Time_Sync_v1_0_EventHandler
                0x8006b7be                S2_NTP_Time_Sync_v1_0SERVERWAIT
                0x8006b44e                S2_NTP_Time_Sync_v1_0EventHandler00000
 .text          0x8006bfd8      0xafe S2_Input_Name.o
                0x8006c450                S2_Input_NameEventHandler00002
                0x8006ca36                S2_Input_NameEventHandler00008
                0x8006c234                S2_Input_NameEventHandler00000
                0x8006c0fc                S2_Input_Name_EventHandler
                0x8006c996                S2_Input_NameEventHandler00007
                0x8006c55e                S2_Input_NameEventHandler00003
                0x8006c66c                S2_Input_NameEventHandler00004
                0x8006c1c2                S2_Input_Name_main
                0x8006c888                S2_Input_NameEventHandler00006
                0x8006c342                S2_Input_NameEventHandler00001
                0x8006c77a                S2_Input_NameEventHandler00005
 *fill*         0x8006cad6        0x2
 .text          0x8006cad8     0xada8 S2_Metrics.o
                0x800731a0                S2_MetricsEventHandler0000C
                0x80073b78                S2_MetricsEventHandler00012
                0x80077188                S2_MetricsEventHandler0001C
                0x80076bfc                S2_MetricsEventHandler0000B
                0x80072106                S2_MetricsEventHandler00000
                0x80072b10                S2_MetricsEventHandler00006
                0x8007296c                S2_MetricsEventHandler00005
                0x80073d1c                S2_MetricsEventHandler00013
                0x80076a56                S2_MetricsRECONNECTTIMER
                0x8007368c                S2_MetricsEventHandler0000F
                0x8007407c                S2_MetricsEventHandler00016
                0x80075cae                S2_Metrics_main
                0x80077266                S2_MetricsEventHandler0001D
                0x80077790                S2_MetricsEventHandler00025
                0x80073830                S2_MetricsEventHandler00010
                0x80074602                S2_MetricsEventHandler00022
                0x80075b8e                S2_Metrics_EventHandler
                0x80072e58                S2_MetricsEventHandler00008
                0x800739d4                S2_MetricsEventHandler00011
                0x80073344                S2_MetricsEventHandler0000D
                0x80072624                S2_MetricsEventHandler00003
                0x80076a4c                S2_Metrics_QUEUEDEVENT_Destructor
                0x80076d32                S2_MetricsEventHandler00015
                0x800775be                S2_MetricsEventHandler00021
                0x80072ffc                S2_MetricsEventHandler00009
                0x80076ac6                S2_MetricsEventHandler0000A
                0x800727c8                S2_MetricsEventHandler00004
                0x800770aa                S2_MetricsEventHandler0001B
                0x80077344                S2_MetricsEventHandler0001E
                0x80077500                S2_MetricsEventHandler00020
                0x800734e8                S2_MetricsEventHandler0000E
                0x80076fcc                S2_MetricsEventHandler0001A
                0x80073ec0                S2_MetricsEventHandler00014
                0x80077422                S2_MetricsEventHandler0001F
                0x8007483a                S2_MetricsEventHandler00023
                0x80075652                S2_Metrics_QUEUEDEVENT_Constructor
                0x80074a10                S2_MetricsEventHandler00026
                0x800742ca                S2_MetricsEventHandler00017
                0x80072480                S2_MetricsEventHandler00002
                0x80072cb4                S2_MetricsEventHandler00007
                0x800722c2                S2_MetricsEventHandler00001
                0x80076eee                S2_MetricsEventHandler00019
                0x80076e10                S2_MetricsEventHandler00018
                0x8007766c                S2_MetricsEventHandler00024
 .text          0x80077880     0x289e S2_GetConfig.o
                0x80077eec                S2_GetConfigEventHandler00001
                0x8007832a                S2_GetConfigEventHandler00005
                0x8007953a                S2_GetConfigEventHandler00016
                0x80078fea                S2_GetConfigEventHandler00011
                0x8007942a                S2_GetConfigEventHandler00015
                0x80079e5c                S2_GetConfigEventHandler0001F
                0x80077dde                S2_GetConfigEventHandler00000
                0x80079a1c                S2_GetConfigEventHandler0001B
                0x8007821a                S2_GetConfigEventHandler00004
                0x8007876a                S2_GetConfigEventHandler00009
                0x8007990c                S2_GetConfigEventHandler0001A
                0x80077cb4                S2_GetConfig_main
                0x800790fa                S2_GetConfigEventHandler00012
                0x80078baa                S2_GetConfigEventHandler0000D
                0x800797fc                S2_GetConfigEventHandler00019
                0x80078dca                S2_GetConfigEventHandler0000F
                0x8007865a                S2_GetConfigEventHandler00008
                0x80078eda                S2_GetConfigEventHandler00010
                0x80079c3c                S2_GetConfigEventHandler0001D
                0x8007887a                S2_GetConfigEventHandler0000A
                0x80077ffa                S2_GetConfigEventHandler00002
                0x80079efe                S2_GetConfigEventHandler00020
                0x80078a9a                S2_GetConfigEventHandler0000C
                0x800796ec                S2_GetConfigEventHandler00018
                0x8007898a                S2_GetConfigEventHandler0000B
                0x8007931a                S2_GetConfigEventHandler00014
                0x8007854a                S2_GetConfigEventHandler00007
                0x8007843a                S2_GetConfigEventHandler00006
                0x8007a00e                S2_GetConfigEventHandler00021
                0x8007810a                S2_GetConfigEventHandler00003
                0x8007920a                S2_GetConfigEventHandler00013
                0x80079d4c                S2_GetConfigEventHandler0001E
                0x800795dc                S2_GetConfigEventHandler00017
                0x80078cba                S2_GetConfigEventHandler0000E
                0x80079b2c                S2_GetConfigEventHandler0001C
                0x80077d54                S2_GetConfig_EventHandler
 *fill*         0x8007a11e        0x2
 .text          0x8007a120     0x5836 library.o
                0x8007e30c                RotateRightLong
                0x8007e91a                IsSystem
                0x8007e270                Seed
                0x8007bb68                Remove
                0x8007deec                Ltoa
                0x8007dc18                Atoi
                0x8007cf80                InitRampInfoArray
                0x8007e6c6                Right
                0x8007f6f6                LockInputSema
                0x8007e19a                Mod
                0x8007e382                Getc
                0x8007e0ce                SMuldiv
                0x8007e8fc                IsHidden
                0x8007dfb2                Min
                0x8007f50a                hextosi
                0x8007eaa0                WriteIntegerArray
                0x8007f016                GetSignedIntArrayElementPtr
                0x8007d93a                CheckStructArray
                0x8007f51e                hextosl
                0x8007ec26                WriteSignedIntegerArray
                0x8007d602                InitStringParamArray
                0x8007c8d4                ReadSignedLongIntegerArray
                0x8007b7f6                GatherToDelimiter
                0x8007d426                InitStringArray
                0x8007df8c                Max
                0x8007e956                IsReadOnly
                0x8007e096                SMax
                0x8007b99a                GatherByLength
                0x8007de26                Chr
                0x8007ea78                ReadSignedLongInteger
                0x8007dea4                Itohex
                0x8007d8ac                GetStructArrayElement
                0x8007dba0                UNS_SetByte
                0x8007e69a                ReverseFindi
                0x8007cd7c                ReadStringArray
                0x8007ee26                GetIntArrayElementPtr
                0x8007e4d6                Lower
                0x8007e28c                RotateLeft
                0x8007f63e                ResizeIfAutogrow
                0x8007d0ac                CheckInputArray
                0x8007a68e                ResizeStringArray
                0x8007ddb8                Atosl
                0x8007dbe0                High
                0x8007e23c                Rnd
                0x8007e15e                UMod
                0x8007e2e2                RotateLeftLong
                0x8007f76a                FindNumericChar
                0x8007f26e                CheckIOArrayBounds2
                0x8007e8b4                MakeProgramFilename
                0x8007e0b2                SMin
                0x8007e40a                Left
                0x8007e34c                CheckBufferThreshold
                0x8007ea30                ReadSignedInteger
                0x8007dc0a                LowWord
                0x8007a120                Bit
                0x8007e9e0                ReadLongInteger
                0x8007da1e                Byte
                0x8007ef1e                GetLongArrayElementPtr
                0x8007e66c                ReverseFind
                0x8007e8ca                GetSeries
                0x8007f836                InitTcpServer
                0x8007e4be                Len
                0x8007f33e                InitializeRampInfoInternal
                0x8007dfd8                Divide
                0x8007dd24                Atol
                0x8007e8c0                GetModelNumber
                0x8007f206                CheckIOArrayBounds
                0x8007d106                CheckStringInputArray
                0x8007ece8                WriteSignedLongIntegerArray
                0x8007d7f6                GetStringArrayElement
                0x8007df30                Ltohex
                0x8007de5c                Itoa
                0x8007e2b6                RotateRight
                0x8007be56                InternalReverseFind
                0x8007e9c0                WriteLongInteger
                0x8007d32a                InitDynamicStringStruct
                0x8007d21c                SetStringArray
                0x8007c6b2                ReadSignedIntegerArray
                0x8007d160                SetOutputArray
                0x8007e970                WriteInteger
                0x8007d78a                InitStructDynamicArray
                0x8007c0e0                SetString
                0x8007e1d6                Random
                0x8007ea08                WriteSignedInteger
                0x8007a384                Find
                0x8007e8d4                GetProgramNumber
                0x8007e5aa                Mid
                0x8007f7a8                InitTcpClient
                0x8007b272                ResizeStructArray
                0x8007f10e                GetSignedLongArrayElementPtr
                0x8007f530                hextol
                0x8007caf6                ReadString
                0x8007d4bc                InitDynamicStringArray
                0x8007f616                UpperChar
                0x8007dcb4                Atosi
                0x8007e998                ReadInteger
                0x8007e04a                Muldiv
                0x8007d1ce                SetStringOutputArray
                0x8007edac                WriteString
                0x8007ace6                ResizeIntegerArray
                0x8007d074                InitInOutArray
                0x8007d6ca                InitNvramStringArray
                0x8007df74                Abs
                0x8007e11a                SDivide
                0x8007c270                ReadIntegerArray
                0x8007a230                CompareStrings
                0x8007f5ee                LowerChar
                0x8007f8c6                InitUdpSocket
                0x8007e334                ClearBuffer
                0x8007e782                Upper
                0x8007d766                InitStructArray
                0x8007e858                MakeLower
                0x8007e938                IsVolume
                0x8007bcc2                RemoveByLength
                0x8007d9b6                CheckStringOutputArrayIndex
                0x8007eb62                WriteLongIntegerArray
                0x8007f3ea                InitRampInfoStructArray
                0x8007dbfc                HighWord
                0x8007a4f8                ResizeString
                0x8007e8de                IsDirectory
                0x8007c490                ReadLongIntegerArray
                0x8007dbee                Low
                0x8007b69c                Gather
                0x8007e886                MakeUpper
                0x8007d2ec                InitStringStruct
                0x8007f2d6                CheckStringArrayBounds
                0x8007e01c                CheckDenominator
                0x8007f4f2                hextoi
                0x8007cc14                WriteStringArray
                0x8007dade                SetByte
                0x8007f394                InitializeRampInfo
                0x8007f730                UnLockInputSema
                0x8007ea58                WriteSignedLongInteger
                0x8007d3de                InitNvramStringStruct
 *fill*         0x8007f956        0xa
                0x8007f960                .=ALIGN(0x10)
 *(.eh_frame)
                0x8007f960                .=ALIGN(0x10)
 *(.gnu.linkonce.t.*)
                0x8007f960                .=ALIGN(0x4)
                0x8007f960                __CTOR_LIST__=.
                0x8007f960                ___CTOR_LIST__=.
                0x8007f960        0x4 LONG 0x0 (((__CTOR_END__-__CTOR_LIST__)/0x4)-0x2)
 *(.ctors)
                0x8007f964        0x4 LONG 0x0
                0x8007f968                __CTOR_END__=.
                0x8007f968                __DTOR_LIST__=.
                0x8007f968                ___DTOR_LIST__=.
                0x8007f968        0x4 LONG 0x0 (((__DTOR_END__-__DTOR_LIST__)/0x4)-0x2)
 *(.dtors)
                0x8007f96c        0x4 LONG 0x0
                0x8007f970                __DTOR_END__=.
 *(.rodata)
 .rodata        0x8007f970      0x23b S2_String_Check.o
 .rodata        0x8007fbab      0x2f5 S2_MPS_Text_Centering.o
 .rodata        0x8007fea0      0x3fb S2_Knob_Acceleration__Pkt_.o
 .rodata        0x8008029b      0x687 S2_DMPS_Text_Router_v1_0.o
 .rodata        0x80080922     0x2b1d S2_DMPS_Installer_Tools_v1_13.o
 .rodata        0x8008343f      0x3b7 S2_APAD_Long_Text_Edit.o
 .rodata        0x800837f6      0x457 S2_UserProgCmd_Interface_v1_0.o
 .rodata        0x80083c4d      0x24a S2_UserProgCmd_Interface_Serial_To_Analog_v1_0.o
 .rodata        0x80083e97      0x814 S2_DMPS_System_Info_V1_0_2.o
 .rodata        0x800846ab      0x38d S2_Single_Line_Scroller_v1_2.o
 .rodata        0x80084a38      0x261 S2_IP_Address_Edit_with_Up_Down.o
 .rodata        0x80084c99      0x2de S2_IP_Address_Edit_Acceleration.o
 .rodata        0x80084f77      0x2d2 S2_DMPS_Analog_To_String_Conversion_v1_1.o
 .rodata        0x80085249      0x23b S2_DMPS_String_to_Analog_Conversion_v1_1.o
 .rodata        0x80085484      0x2de S2_StringSaver.o
 .rodata        0x80085762      0x2c0 S2_Generic_CEC_Source_Control_Processor_v1_0.o
 .rodata        0x80085a22      0x5ab S2_Add_or_Remove_Slave.o
 .rodata        0x80085fcd      0xe25 S2_Wireless_Mic_Monitoring.o
 .rodata        0x80086df2      0x836 S2_NTP_Time_Sync_v1_0.o
 .rodata        0x80087628      0x2d7 S2_Input_Name.o
 .rodata        0x800878ff     0x1215 S2_Metrics.o
 .rodata        0x80088b14      0x343 S2_GetConfig.o
 .rodata        0x80088e57      0xc54 library.o
 *(.gcc_except_table)
 *fill*         0x80089aab        0x1
                0x80089aac                .=ALIGN(0x2)
                0x80089aac                __INIT_SECTION__=.
                0x80089aac        0x4 LONG 0x4e560000
 *(.init)
                0x80089ab0        0x2 SHORT 0x4e5e
                0x80089ab2        0x2 SHORT 0x4e75
                0x80089ab4                __FINI_SECTION__=.
                0x80089ab4        0x4 LONG 0x4e560000
 *(.fini)
                0x80089ab8        0x2 SHORT 0x4e5e
                0x80089aba        0x2 SHORT 0x4e75
 *(.lit)
 *fill*         0x80089abc        0x4
                0x80089ac0                .=ALIGN(0x10)
                0x80089ac0                _etext=.
                0x80089ac0                etext=.

.data           0x80089ac0        0x0
                0x80089ac0                copy_start=.
 *(.shdata)
 *(.data)
 *(.gnu.linkonce.d.*)
                0x80089ac0                .=ALIGN(0x10)
                0x80089ac0                _edata=.
                0x80089ac0                copy_end=.

.got
 *(.got.plt)
 *(.got)

EntryList       0x80089ac0     0x1760
 *(EntryList)
 EntryList      0x80089ac0      0x110 S2_String_Check.o
                0x80089ac0                S2_String_Check_Entry
 EntryList      0x80089bd0      0x110 S2_MPS_Text_Centering.o
                0x80089bd0                S2_MPS_Text_Centering_Entry
 EntryList      0x80089ce0      0x110 S2_Knob_Acceleration__Pkt_.o
                0x80089ce0                S2_Knob_Acceleration__Pkt__Entry
 EntryList      0x80089df0      0x110 S2_DMPS_Text_Router_v1_0.o
                0x80089df0                S2_DMPS_Text_Router_v1_0_Entry
 EntryList      0x80089f00      0x110 S2_DMPS_Installer_Tools_v1_13.o
                0x80089f00                S2_DMPS_Installer_Tools_v1_13_Entry
 EntryList      0x8008a010      0x110 S2_APAD_Long_Text_Edit.o
                0x8008a010                S2_APAD_Long_Text_Edit_Entry
 EntryList      0x8008a120      0x110 S2_UserProgCmd_Interface_v1_0.o
                0x8008a120                S2_UserProgCmd_Interface_v1_0_Entry
 EntryList      0x8008a230      0x110 S2_UserProgCmd_Interface_Serial_To_Analog_v1_0.o
                0x8008a230                S2_UserProgCmd_Interface_Serial_To_Analog_v1_0_Entry
 EntryList      0x8008a340      0x110 S2_DMPS_System_Info_V1_0_2.o
                0x8008a340                S2_DMPS_System_Info_V1_0_2_Entry
 EntryList      0x8008a450      0x110 S2_Single_Line_Scroller_v1_2.o
                0x8008a450                S2_Single_Line_Scroller_v1_2_Entry
 EntryList      0x8008a560      0x110 S2_IP_Address_Edit_with_Up_Down.o
                0x8008a560                S2_IP_Address_Edit_with_Up_Down_Entry
 EntryList      0x8008a670      0x110 S2_IP_Address_Edit_Acceleration.o
                0x8008a670                S2_IP_Address_Edit_Acceleration_Entry
 EntryList      0x8008a780      0x110 S2_DMPS_Analog_To_String_Conversion_v1_1.o
                0x8008a780                S2_DMPS_Analog_To_String_Conversion_v1_1_Entry
 EntryList      0x8008a890      0x110 S2_DMPS_String_to_Analog_Conversion_v1_1.o
                0x8008a890                S2_DMPS_String_to_Analog_Conversion_v1_1_Entry
 EntryList      0x8008a9a0      0x110 S2_StringSaver.o
                0x8008a9a0                S2_StringSaver_Entry
 EntryList      0x8008aab0      0x110 S2_Generic_CEC_Source_Control_Processor_v1_0.o
                0x8008aab0                S2_Generic_CEC_Source_Control_Processor_v1_0_Entry
 EntryList      0x8008abc0      0x110 S2_Add_or_Remove_Slave.o
                0x8008abc0                S2_Add_or_Remove_Slave_Entry
 EntryList      0x8008acd0      0x110 S2_Wireless_Mic_Monitoring.o
                0x8008acd0                S2_Wireless_Mic_Monitoring_Entry
 EntryList      0x8008ade0      0x110 S2_NTP_Time_Sync_v1_0.o
                0x8008ade0                S2_NTP_Time_Sync_v1_0_Entry
 EntryList      0x8008aef0      0x110 S2_Input_Name.o
                0x8008aef0                S2_Input_Name_Entry
 EntryList      0x8008b000      0x110 S2_Metrics.o
                0x8008b000                S2_Metrics_Entry
 EntryList      0x8008b110      0x110 S2_GetConfig.o
                0x8008b110                S2_GetConfig_Entry
                0x8008b220                .=ALIGN(0x4)

FunctionList    0x8008b220        0x4
 *(FunctionList)
 FunctionList   0x8008b220        0x4 globals.o
                0x8008b220                g_pFunctions
                0x8008b224                .=ALIGN(0x4)

.bss            0x8008b224        0x0
                0x8008b224                .=ALIGN(0x4)
                0x8008b224                __bss_start=.
 *(.shbss)
 *(.bss)
 *(COMMON)
                0x8008b228                _end=ALIGN(0x8)
                0x8008b228                __end=_end

.stab
 *(.stab)

.stabstr
 *(.stabstr)

.debug
 *(.debug)

.line
 *(.line)

.debug_srcinfo
 *(.debug_srcinfo)

.debug_sfnames
 *(.debug_sfnames)

.debug_aranges
 *(.debug_aranges)

.debug_pubnames
 *(.debug_pubnames)

.debug_info
 *(.debug_info)

.debug_abbrev
 *(.debug_abbrev)

.debug_line
 *(.debug_line)

.debug_frame
 *(.debug_frame)

.debug_str
 *(.debug_str)

.debug_loc
 *(.debug_loc)

.debug_macinfo
 *(.debug_macinfo)

.debug_weaknames
 *(.debug_weaknames)

.debug_funcnames
 *(.debug_funcnames)

.debug_typenames
 *(.debug_typenames)

.debug_varnames
 *(.debug_varnames)
LOAD S2_String_Check.o
LOAD S2_MPS_Text_Centering.o
LOAD S2_Knob_Acceleration__Pkt_.o
LOAD S2_DMPS_Text_Router_v1_0.o
LOAD S2_DMPS_Installer_Tools_v1_13.o
LOAD S2_APAD_Long_Text_Edit.o
LOAD S2_UserProgCmd_Interface_v1_0.o
LOAD S2_UserProgCmd_Interface_Serial_To_Analog_v1_0.o
LOAD S2_DMPS_System_Info_V1_0_2.o
LOAD S2_Single_Line_Scroller_v1_2.o
LOAD S2_IP_Address_Edit_with_Up_Down.o
LOAD S2_IP_Address_Edit_Acceleration.o
LOAD S2_DMPS_Analog_To_String_Conversion_v1_1.o
LOAD S2_DMPS_String_to_Analog_Conversion_v1_1.o
LOAD S2_StringSaver.o
LOAD S2_Generic_CEC_Source_Control_Processor_v1_0.o
LOAD S2_Add_or_Remove_Slave.o
LOAD S2_Wireless_Mic_Monitoring.o
LOAD S2_NTP_Time_Sync_v1_0.o
LOAD S2_Input_Name.o
LOAD S2_Metrics.o
LOAD S2_GetConfig.o
LOAD globals.o
LOAD library.o
OUTPUT(_S2_TEC_HD.spl elf32-m68k)

.comment        0x8008b224      0x390
 .comment       0x8008b224       0x26 S2_String_Check.o
 .comment       0x8008b24a       0x26 S2_MPS_Text_Centering.o
 .comment       0x8008b270       0x26 S2_Knob_Acceleration__Pkt_.o
 .comment       0x8008b296       0x26 S2_DMPS_Text_Router_v1_0.o
 .comment       0x8008b2bc       0x26 S2_DMPS_Installer_Tools_v1_13.o
 .comment       0x8008b2e2       0x26 S2_APAD_Long_Text_Edit.o
 .comment       0x8008b308       0x26 S2_UserProgCmd_Interface_v1_0.o
 .comment       0x8008b32e       0x26 S2_UserProgCmd_Interface_Serial_To_Analog_v1_0.o
 .comment       0x8008b354       0x26 S2_DMPS_System_Info_V1_0_2.o
 .comment       0x8008b37a       0x26 S2_Single_Line_Scroller_v1_2.o
 .comment       0x8008b3a0       0x26 S2_IP_Address_Edit_with_Up_Down.o
 .comment       0x8008b3c6       0x26 S2_IP_Address_Edit_Acceleration.o
 .comment       0x8008b3ec       0x26 S2_DMPS_Analog_To_String_Conversion_v1_1.o
 .comment       0x8008b412       0x26 S2_DMPS_String_to_Analog_Conversion_v1_1.o
 .comment       0x8008b438       0x26 S2_StringSaver.o
 .comment       0x8008b45e       0x26 S2_Generic_CEC_Source_Control_Processor_v1_0.o
 .comment       0x8008b484       0x26 S2_Add_or_Remove_Slave.o
 .comment       0x8008b4aa       0x26 S2_Wireless_Mic_Monitoring.o
 .comment       0x8008b4d0       0x26 S2_NTP_Time_Sync_v1_0.o
 .comment       0x8008b4f6       0x26 S2_Input_Name.o
 .comment       0x8008b51c       0x26 S2_Metrics.o
 .comment       0x8008b542       0x26 S2_GetConfig.o
 .comment       0x8008b568       0x26 globals.o
 .comment       0x8008b58e       0x26 library.o
