
Memory Configuration

Name             Origin             Length             Attributes
ram              0x80000000         0x00500000         xrw
*default*        0x00000000         0xffffffff

Linker script and memory map

                0x00000000                __DYNAMIC=0x0
                0x00400000                PROVIDE (__stack, 0x400000)
                0x00000000                PROVIDE (hardware_init_hook, 0x0)
                0x00000000                PROVIDE (_hardware_init_hook, 0x0)
                0x00000000                PROVIDE (software_init_hook, 0x0)
                0x00000000                PROVIDE (_software_init_hook, 0x0)

.text           0x80000000    0x80070
 *(.text)
 .text          0x80000000      0x258 S2_String_Check.o
                0x80000000                S2_String_Check_EventHandler
                0x8000017e                S2_String_CheckEventHandler00000
                0x800000bc                S2_String_Check_main
 .text          0x80000258      0x94a S2_MPS_Text_Centering.o
                0x80000710                S2_MPS_Text_CenteringEventHandler00000
                0x800009c2                S2_MPS_Text_Centering_main
                0x800008f2                S2_MPS_Text_Centering_EventHandler
 *fill*         0x80000ba2        0x2
 .text          0x80000ba4      0xe48 S2_Knob_Acceleration__Pkt_.o
                0x80001518                S2_Knob_Acceleration__Pkt__main
                0x800011a6                S2_Knob_Acceleration__Pkt_EventHandler00000
                0x8000143a                S2_Knob_Acceleration__Pkt__EventHandler
 .text          0x800019ec     0x5420 S2_DMPS_Text_Router_v1_0.o
                0x80006c44                S2_DMPS_Text_Router_v1_0EventHandler00009
                0x80006bee                S2_DMPS_Text_Router_v1_0EventHandler00008
                0x800061aa                S2_DMPS_Text_Router_v1_0_main
                0x8000689c                S2_DMPS_Text_Router_v1_0EventHandler00001
                0x80006a8e                S2_DMPS_Text_Router_v1_0EventHandler00004
                0x80006d8a                S2_DMPS_Text_Router_v1_0EventHandler0000B
                0x80006b1a                S2_DMPS_Text_Router_v1_0EventHandler00007
                0x8000697a                S2_DMPS_Text_Router_v1_0EventHandler00002
                0x80005f66                S2_DMPS_Text_Router_v1_0_EventHandler
                0x800067be                S2_DMPS_Text_Router_v1_0EventHandler00000
                0x80003c78                S2_DMPS_Text_Router_v1_0EventHandler00005
                0x80004c2a                S2_DMPS_Text_Router_v1_0EventHandler00006
                0x80006a02                S2_DMPS_Text_Router_v1_0EventHandler00003
                0x80006ce6                S2_DMPS_Text_Router_v1_0EventHandler0000A
 .text          0x80006e0c    0x4be18 S2_DMPS_Installer_Tools_v1_13.o
                0x80042190                S2_DMPS_Installer_Tools_v1_13EventHandler00029
                0x80044cb0                S2_DMPS_Installer_Tools_v1_13EventHandler00051
                0x8003fbf0                S2_DMPS_Installer_Tools_v1_13EventHandler00014
                0x8005257a                S2_DMPS_Installer_Tools_v1_13EventHandler00044
                0x80016cea                S2_DMPS_Installer_Tools_v1_13EventHandler00001
                0x80012936                S2_DMPS_Installer_Tools_v1_13KEYPADIDWAIT
                0x80051fec                S2_DMPS_Installer_Tools_v1_13EventHandler0003B
                0x80052264                S2_DMPS_Installer_Tools_v1_13EventHandler0003F
                0x8001fc56                S2_DMPS_Installer_Tools_v1_13EventHandler00006
                0x800523a0                S2_DMPS_Installer_Tools_v1_13EventHandler00041
                0x8001b00a                S2_DMPS_Installer_Tools_v1_13EventHandler00004
                0x80052752                S2_DMPS_Installer_Tools_v1_13EventHandler00047
                0x80043a62                S2_DMPS_Installer_Tools_v1_13EventHandler0004D
                0x80046d84                S2_DMPS_Installer_Tools_v1_13_main
                0x800255d4                S2_DMPS_Installer_Tools_v1_13EventHandler0000A
                0x80042ce8                S2_DMPS_Installer_Tools_v1_13EventHandler0002F
                0x80051762                S2_DMPS_Installer_Tools_v1_13EventHandler00011
                0x80052b46                S2_DMPS_Installer_Tools_v1_13EventHandler00054
                0x80040cc6                S2_DMPS_Installer_Tools_v1_13EventHandler0001B
                0x80024c86                S2_DMPS_Installer_Tools_v1_13EventHandler00008
                0x8005288a                S2_DMPS_Installer_Tools_v1_13EventHandler00049
                0x80052bda                S2_DMPS_Installer_Tools_v1_13EventHandler00056
                0x80051eb0                S2_DMPS_Installer_Tools_v1_13EventHandler00039
                0x800517ee                S2_DMPS_Installer_Tools_v1_13EventHandler00019
                0x80041636                S2_DMPS_Installer_Tools_v1_13EventHandler00022
                0x80041cbe                S2_DMPS_Installer_Tools_v1_13EventHandler00026
                0x800516e6                S2_DMPS_Installer_Tools_v1_13PASSWORDWAIT
                0x800521c6                S2_DMPS_Installer_Tools_v1_13EventHandler0003E
                0x80052926                S2_DMPS_Installer_Tools_v1_13EventHandler0004A
                0x80040ffe                S2_DMPS_Installer_Tools_v1_13EventHandler0001C
                0x8004352a                S2_DMPS_Installer_Tools_v1_13EventHandler00032
                0x80052afc                S2_DMPS_Installer_Tools_v1_13EventHandler00053
                0x800424b0                S2_DMPS_Installer_Tools_v1_13EventHandler0002B
                0x800403cc                S2_DMPS_Installer_Tools_v1_13EventHandler00016
                0x80051b9a                S2_DMPS_Installer_Tools_v1_13EventHandler00034
                0x8003ddda                S2_DMPS_Installer_Tools_v1_13EventHandler0000E
                0x80046c60                S2_DMPS_Installer_Tools_v1_13_EventHandler
                0x800526b6                S2_DMPS_Installer_Tools_v1_13EventHandler00046
                0x8002575c                S2_DMPS_Installer_Tools_v1_13EventHandler0000B
                0x80052a5e                S2_DMPS_Installer_Tools_v1_13EventHandler0004E
                0x800172e6                S2_DMPS_Installer_Tools_v1_13EventHandler00003
                0x80052302                S2_DMPS_Installer_Tools_v1_13EventHandler00040
                0x80051f4e                S2_DMPS_Installer_Tools_v1_13EventHandler0003A
                0x8001b53e                S2_DMPS_Installer_Tools_v1_13EventHandler00005
                0x800527ee                S2_DMPS_Installer_Tools_v1_13EventHandler00048
                0x80052b90                S2_DMPS_Installer_Tools_v1_13EventHandler00055
                0x80051a2a                S2_DMPS_Installer_Tools_v1_13EventHandler0001E
                0x8002544c                S2_DMPS_Installer_Tools_v1_13EventHandler00009
                0x80043400                S2_DMPS_Installer_Tools_v1_13EventHandler00031
                0x8003e474                S2_DMPS_Installer_Tools_v1_13EventHandler00010
                0x8004197a                S2_DMPS_Installer_Tools_v1_13EventHandler00024
                0x8004373e                S2_DMPS_Installer_Tools_v1_13EventHandler0004C
                0x8004295c                S2_DMPS_Installer_Tools_v1_13EventHandler0002E
                0x80051cd6                S2_DMPS_Installer_Tools_v1_13EventHandler00036
                0x80042002                S2_DMPS_Installer_Tools_v1_13EventHandler00028
                0x80051e12                S2_DMPS_Installer_Tools_v1_13EventHandler00038
                0x8003d91e                S2_DMPS_Installer_Tools_v1_13RESTOREAUDIODEFAULTSWAIT
                0x8004263e                S2_DMPS_Installer_Tools_v1_13EventHandler0002C
                0x800407ba                S2_DMPS_Installer_Tools_v1_13EventHandler00017
                0x8003db7c                S2_DMPS_Installer_Tools_v1_13RESTOREDEFAULTSWAIT
                0x800529c2                S2_DMPS_Installer_Tools_v1_13EventHandler0004B
                0x80051afc                S2_DMPS_Installer_Tools_v1_13EventHandler00033
                0x8004451e                S2_DMPS_Installer_Tools_v1_13EventHandler00050
                0x80042320                S2_DMPS_Installer_Tools_v1_13EventHandler0002A
                0x8003faaa                S2_DMPS_Installer_Tools_v1_13EventHandler00013
                0x80045442                S2_DMPS_Installer_Tools_v1_13EventHandler00052
                0x8003ffde                S2_DMPS_Installer_Tools_v1_13EventHandler00015
                0x80029752                S2_DMPS_Installer_Tools_v1_13EventHandler0000C
                0x80043d8c                S2_DMPS_Installer_Tools_v1_13EventHandler0004F
                0x8005208a                S2_DMPS_Installer_Tools_v1_13EventHandler0003C
                0x800298ca                S2_DMPS_Installer_Tools_v1_13EventHandler0000D
                0x80045f7e                S2_DMPS_Installer_Tools_v1_13EventHandler00058
                0x800524dc                S2_DMPS_Installer_Tools_v1_13EventHandler00043
                0x80016696                S2_DMPS_Installer_Tools_v1_13EventHandler00000
                0x8002041c                S2_DMPS_Installer_Tools_v1_13EventHandler00007
                0x8005243e                S2_DMPS_Installer_Tools_v1_13EventHandler00042
                0x80052618                S2_DMPS_Installer_Tools_v1_13EventHandler00045
                0x80051724                S2_DMPS_Installer_Tools_v1_13WRONGPASSWORDWAIT
                0x8001704a                S2_DMPS_Installer_Tools_v1_13EventHandler00002
                0x8003ea88                S2_DMPS_Installer_Tools_v1_13EventHandler00012
                0x80045bd4                S2_DMPS_Installer_Tools_v1_13EventHandler00057
                0x800518c6                S2_DMPS_Installer_Tools_v1_13EventHandler0001A
                0x8004118c                S2_DMPS_Installer_Tools_v1_13EventHandler0001F
                0x80043074                S2_DMPS_Installer_Tools_v1_13EventHandler00030
                0x80051d74                S2_DMPS_Installer_Tools_v1_13EventHandler00037
                0x8003e148                S2_DMPS_Installer_Tools_v1_13EventHandler0000F
                0x800417d8                S2_DMPS_Installer_Tools_v1_13EventHandler00023
                0x80041b1c                S2_DMPS_Installer_Tools_v1_13EventHandler00025
                0x800427cc                S2_DMPS_Installer_Tools_v1_13EventHandler0002D
                0x80040a40                S2_DMPS_Installer_Tools_v1_13EventHandler00018
                0x800414a8                S2_DMPS_Installer_Tools_v1_13EventHandler00021
                0x8004131a                S2_DMPS_Installer_Tools_v1_13EventHandler00020
                0x80041e60                S2_DMPS_Installer_Tools_v1_13EventHandler00027
                0x8005199e                S2_DMPS_Installer_Tools_v1_13EventHandler0001D
                0x80051c38                S2_DMPS_Installer_Tools_v1_13EventHandler00035
                0x80052128                S2_DMPS_Installer_Tools_v1_13EventHandler0003D
 .text          0x80052c24     0x2168 S2_APAD_Long_Text_Edit.o
                0x80054ca4                S2_APAD_Long_Text_EditEventHandler0000D
                0x800546fe                S2_APAD_Long_Text_Edit_main
                0x80053958                S2_APAD_Long_Text_EditEventHandler00005
                0x800548f2                S2_APAD_Long_Text_EditEventHandler00002
                0x80054b6e                S2_APAD_Long_Text_EditEventHandler0000A
                0x80053f50                S2_APAD_Long_Text_EditEventHandler00007
                0x80054baa                S2_APAD_Long_Text_EditEventHandler0000B
                0x80053b80                S2_APAD_Long_Text_EditEventHandler00006
                0x800549b4                S2_APAD_Long_Text_EditEventHandler00003
                0x80054be6                S2_APAD_Long_Text_EditEventHandler0000C
                0x80054a4c                S2_APAD_Long_Text_EditEventHandler00008
                0x80054618                S2_APAD_Long_Text_Edit_EventHandler
                0x8005432a                S2_APAD_Long_Text_EditEventHandler00009
                0x80053442                S2_APAD_Long_Text_EditEventHandler00000
                0x800536f6                S2_APAD_Long_Text_EditEventHandler00004
                0x8005359c                S2_APAD_Long_Text_EditEventHandler00001
 .text          0x80054d8c     0x1078 S2_UserProgCmd_Interface_v1_0.o
                0x80054ea6                S2_UserProgCmd_Interface_v1_0EventHandler00000
                0x80055c8c                S2_UserProgCmd_Interface_v1_0_main
                0x80055ba8                S2_UserProgCmd_Interface_v1_0_EventHandler
 .text          0x80055e04      0x34c S2_UserProgCmd_Interface_Serial_To_Analog_v1_0.o
                0x80055f02                S2_UserProgCmd_Interface_Serial_To_Analog_v1_0_main
                0x80055e04                S2_UserProgCmd_Interface_Serial_To_Analog_v1_0_EventHandler
                0x800560c0                S2_UserProgCmd_Interface_Serial_To_Analog_v1_0EventHandler00001
                0x80055fce                S2_UserProgCmd_Interface_Serial_To_Analog_v1_0EventHandler00000
 .text          0x80056150     0x32b4 S2_DMPS_System_Info_V1_0_2.o
                0x80058f96                S2_DMPS_System_Info_V1_0_2EventHandler00002
                0x80059362                S2_DMPS_System_Info_V1_0_2EventHandler00008
                0x8005921e                S2_DMPS_System_Info_V1_0_2EventHandler00006
                0x80056150                S2_DMPS_System_Info_V1_0_2EventHandler00000
                0x80059038                S2_DMPS_System_Info_V1_0_2EventHandler00003
                0x80058c28                S2_DMPS_System_Info_V1_0_2_EventHandler
                0x80058cda                S2_DMPS_System_Info_V1_0_2_main
                0x80056558                S2_DMPS_System_Info_V1_0_2EventHandler00001
                0x80058ee2                S2_DMPS_System_Info_V1_0_2__SPLS_TMPVAR__WAITLABEL_0__
                0x8005917c                S2_DMPS_System_Info_V1_0_2EventHandler00005
                0x800590da                S2_DMPS_System_Info_V1_0_2EventHandler00004
                0x800592c0                S2_DMPS_System_Info_V1_0_2EventHandler00007
 .text          0x80059404     0x1e9c S2_Single_Line_Scroller_v1_2.o
                0x80059ab4                S2_Single_Line_Scroller_v1_2EventHandler00000
                0x8005a08a                S2_Single_Line_Scroller_v1_2EventHandler00001
                0x8005ae64                S2_Single_Line_Scroller_v1_2_main
                0x8005a22a                S2_Single_Line_Scroller_v1_2EventHandler00002
                0x8005b212                S2_Single_Line_Scroller_v1_2EventHandler00006
                0x8005aa82                S2_Single_Line_Scroller_v1_2EventHandler00007
                0x8005ad98                S2_Single_Line_Scroller_v1_2_EventHandler
                0x8005a86a                S2_Single_Line_Scroller_v1_2EventHandler00005
                0x8005a47e                S2_Single_Line_Scroller_v1_2EventHandler00003
                0x8005a6be                S2_Single_Line_Scroller_v1_2EventHandler00004
 .text          0x8005b2a0     0x1140 S2_IP_Address_Edit_with_Up_Down.o
                0x8005c368                S2_IP_Address_Edit_with_Up_DownEventHandler00000
                0x8005c3a4                S2_IP_Address_Edit_with_Up_DownEventHandler00001
                0x8005bfbc                S2_IP_Address_Edit_with_Up_Down_EventHandler
                0x8005c0aa                S2_IP_Address_Edit_with_Up_Down_main
 .text          0x8005c3e0      0xd38 S2_IP_Address_Edit_Acceleration.o
                0x8005c8b4                S2_IP_Address_Edit_AccelerationEventHandler00000
                0x8005cb48                S2_IP_Address_Edit_Acceleration_EventHandler
                0x8005cc26                S2_IP_Address_Edit_Acceleration_main
 .text          0x8005d118      0x53c S2_DMPS_Analog_To_String_Conversion_v1_1.o
                0x8005d118                S2_DMPS_Analog_To_String_Conversion_v1_1EventHandler00000
                0x8005d538                S2_DMPS_Analog_To_String_Conversion_v1_1_EventHandler
                0x8005d5f4                S2_DMPS_Analog_To_String_Conversion_v1_1_main
 .text          0x8005d654      0x31c S2_DMPS_String_to_Analog_Conversion_v1_1.o
                0x8005d8e0                S2_DMPS_String_to_Analog_Conversion_v1_1_main
                0x8005d654                S2_DMPS_String_to_Analog_Conversion_v1_1EventHandler00000
                0x8005d83a                S2_DMPS_String_to_Analog_Conversion_v1_1_EventHandler
 .text          0x8005d970      0x5d8 S2_StringSaver.o
                0x8005de38                S2_StringSaverEventHandler00001
                0x8005da96                S2_StringSaver_EventHandler
                0x8005ddee                S2_StringSaverEventHandler00000
                0x8005db84                S2_StringSaver_main
 .text          0x8005df48      0x502 S2_Generic_CEC_Source_Control_Processor_v1_0.o
                0x8005e26e                S2_Generic_CEC_Source_Control_Processor_v1_0_EventHandler
                0x8005e32a                S2_Generic_CEC_Source_Control_Processor_v1_0_main
                0x8005df48                S2_Generic_CEC_Source_Control_Processor_v1_0EventHandler00000
 *fill*         0x8005e44a        0x2
 .text          0x8005e44c     0x1ac6 S2_Add_or_Remove_Slave.o
                0x8005fae6                S2_Add_or_Remove_Slave_main
                0x8005ead0                S2_Add_or_Remove_SlaveEventHandler00003
                0x8005e950                S2_Add_or_Remove_SlaveEventHandler00002
                0x8005fa1c                S2_Add_or_Remove_Slave_EventHandler
                0x8005ee42                S2_Add_or_Remove_SlaveEventHandler00005
                0x8005e754                S2_Add_or_Remove_SlaveEventHandler00001
                0x8005e44c                S2_Add_or_Remove_SlaveEventHandler00000
                0x8005ec54                S2_Add_or_Remove_SlaveEventHandler00004
 *fill*         0x8005ff12        0x2
 .text          0x8005ff14     0x8ad6 S2_Wireless_Mic_Monitoring.o
                0x80060386                S2_Wireless_Mic_MonitoringEventHandler00002
                0x8006852c                S2_Wireless_Mic_Monitoring_EventHandler
                0x8006862a                S2_Wireless_Mic_Monitoring_main
                0x8005ff14                S2_Wireless_Mic_MonitoringEventHandler00000
                0x8006017a                S2_Wireless_Mic_MonitoringEventHandler00001
 *fill*         0x800689ea        0x2
 .text          0x800689ec     0x2d34 S2_NTP_Time_Sync_v1_0.o
                0x8006b5bc                S2_NTP_Time_Sync_v1_0_main
                0x8006b210                S2_NTP_Time_Sync_v1_0EventHandler00001
                0x8006b4b0                S2_NTP_Time_Sync_v1_0_EventHandler
                0x8006af06                S2_NTP_Time_Sync_v1_0SERVERWAIT
                0x8006ab96                S2_NTP_Time_Sync_v1_0EventHandler00000
 .text          0x8006b720      0xafe S2_Input_Name.o
                0x8006bb98                S2_Input_NameEventHandler00002
                0x8006c17e                S2_Input_NameEventHandler00008
                0x8006b97c                S2_Input_NameEventHandler00000
                0x8006b844                S2_Input_Name_EventHandler
                0x8006c0de                S2_Input_NameEventHandler00007
                0x8006bca6                S2_Input_NameEventHandler00003
                0x8006bdb4                S2_Input_NameEventHandler00004
                0x8006b90a                S2_Input_Name_main
                0x8006bfd0                S2_Input_NameEventHandler00006
                0x8006ba8a                S2_Input_NameEventHandler00001
                0x8006bec2                S2_Input_NameEventHandler00005
 *fill*         0x8006c21e        0x2
 .text          0x8006c220     0x4cc0 S2_Metrics.o
                0x8006ea36                S2_MetricsEventHandler00000
                0x80070cf2                S2_MetricsEventHandler00006
                0x80070c44                S2_MetricsEventHandler00005
                0x800705e6                S2_Metrics_main
                0x80070480                S2_Metrics_EventHandler
                0x80070d4a                S2_MetricsEventHandler00008
                0x80070aa8                S2_MetricsEventHandler00003
                0x800709c0                S2_Metrics_QUEUEDEVENT_Destructor
                0x80070e20                S2_MetricsEventHandler00009
                0x8006f67c                S2_MetricsEventHandler0000A
                0x80070b86                S2_MetricsEventHandler00004
                0x800702be                S2_Metrics_QUEUEDEVENT_Constructor
                0x800709ca                S2_MetricsEventHandler00002
                0x8006f4e2                S2_MetricsEventHandler00007
                0x8006ef8c                S2_MetricsEventHandler00001
 .text          0x80070ee0     0x5836 library.o
                0x800750cc                RotateRightLong
                0x800756da                IsSystem
                0x80075030                Seed
                0x80072928                Remove
                0x80074cac                Ltoa
                0x800749d8                Atoi
                0x80073d40                InitRampInfoArray
                0x80075486                Right
                0x800764b6                LockInputSema
                0x80074f5a                Mod
                0x80075142                Getc
                0x80074e8e                SMuldiv
                0x800756bc                IsHidden
                0x80074d72                Min
                0x800762ca                hextosi
                0x80075860                WriteIntegerArray
                0x80075dd6                GetSignedIntArrayElementPtr
                0x800746fa                CheckStructArray
                0x800762de                hextosl
                0x800759e6                WriteSignedIntegerArray
                0x800743c2                InitStringParamArray
                0x80073694                ReadSignedLongIntegerArray
                0x800725b6                GatherToDelimiter
                0x800741e6                InitStringArray
                0x80074d4c                Max
                0x80075716                IsReadOnly
                0x80074e56                SMax
                0x8007275a                GatherByLength
                0x80074be6                Chr
                0x80075838                ReadSignedLongInteger
                0x80074c64                Itohex
                0x8007466c                GetStructArrayElement
                0x80074960                UNS_SetByte
                0x8007545a                ReverseFindi
                0x80073b3c                ReadStringArray
                0x80075be6                GetIntArrayElementPtr
                0x80075296                Lower
                0x8007504c                RotateLeft
                0x800763fe                ResizeIfAutogrow
                0x80073e6c                CheckInputArray
                0x8007144e                ResizeStringArray
                0x80074b78                Atosl
                0x800749a0                High
                0x80074ffc                Rnd
                0x80074f1e                UMod
                0x800750a2                RotateLeftLong
                0x8007652a                FindNumericChar
                0x8007602e                CheckIOArrayBounds2
                0x80075674                MakeProgramFilename
                0x80074e72                SMin
                0x800751ca                Left
                0x8007510c                CheckBufferThreshold
                0x800757f0                ReadSignedInteger
                0x800749ca                LowWord
                0x80070ee0                Bit
                0x800757a0                ReadLongInteger
                0x800747de                Byte
                0x80075cde                GetLongArrayElementPtr
                0x8007542c                ReverseFind
                0x8007568a                GetSeries
                0x800765f6                InitTcpServer
                0x8007527e                Len
                0x800760fe                InitializeRampInfoInternal
                0x80074d98                Divide
                0x80074ae4                Atol
                0x80075680                GetModelNumber
                0x80075fc6                CheckIOArrayBounds
                0x80073ec6                CheckStringInputArray
                0x80075aa8                WriteSignedLongIntegerArray
                0x800745b6                GetStringArrayElement
                0x80074cf0                Ltohex
                0x80074c1c                Itoa
                0x80075076                RotateRight
                0x80072c16                InternalReverseFind
                0x80075780                WriteLongInteger
                0x800740ea                InitDynamicStringStruct
                0x80073fdc                SetStringArray
                0x80073472                ReadSignedIntegerArray
                0x80073f20                SetOutputArray
                0x80075730                WriteInteger
                0x8007454a                InitStructDynamicArray
                0x80072ea0                SetString
                0x80074f96                Random
                0x800757c8                WriteSignedInteger
                0x80071144                Find
                0x80075694                GetProgramNumber
                0x8007536a                Mid
                0x80076568                InitTcpClient
                0x80072032                ResizeStructArray
                0x80075ece                GetSignedLongArrayElementPtr
                0x800762f0                hextol
                0x800738b6                ReadString
                0x8007427c                InitDynamicStringArray
                0x800763d6                UpperChar
                0x80074a74                Atosi
                0x80075758                ReadInteger
                0x80074e0a                Muldiv
                0x80073f8e                SetStringOutputArray
                0x80075b6c                WriteString
                0x80071aa6                ResizeIntegerArray
                0x80073e34                InitInOutArray
                0x8007448a                InitNvramStringArray
                0x80074d34                Abs
                0x80074eda                SDivide
                0x80073030                ReadIntegerArray
                0x80070ff0                CompareStrings
                0x800763ae                LowerChar
                0x80076686                InitUdpSocket
                0x800750f4                ClearBuffer
                0x80075542                Upper
                0x80074526                InitStructArray
                0x80075618                MakeLower
                0x800756f8                IsVolume
                0x80072a82                RemoveByLength
                0x80074776                CheckStringOutputArrayIndex
                0x80075922                WriteLongIntegerArray
                0x800761aa                InitRampInfoStructArray
                0x800749bc                HighWord
                0x800712b8                ResizeString
                0x8007569e                IsDirectory
                0x80073250                ReadLongIntegerArray
                0x800749ae                Low
                0x8007245c                Gather
                0x80075646                MakeUpper
                0x800740ac                InitStringStruct
                0x80076096                CheckStringArrayBounds
                0x80074ddc                CheckDenominator
                0x800762b2                hextoi
                0x800739d4                WriteStringArray
                0x8007489e                SetByte
                0x80076154                InitializeRampInfo
                0x800764f0                UnLockInputSema
                0x80075818                WriteSignedLongInteger
                0x8007419e                InitNvramStringStruct
 *fill*         0x80076716        0xa
                0x80076720                .=ALIGN(0x10)
 *(.eh_frame)
                0x80076720                .=ALIGN(0x10)
 *(.gnu.linkonce.t.*)
                0x80076720                .=ALIGN(0x4)
                0x80076720                __CTOR_LIST__=.
                0x80076720                ___CTOR_LIST__=.
                0x80076720        0x4 LONG 0x0 (((__CTOR_END__-__CTOR_LIST__)/0x4)-0x2)
 *(.ctors)
                0x80076724        0x4 LONG 0x0
                0x80076728                __CTOR_END__=.
                0x80076728                __DTOR_LIST__=.
                0x80076728                ___DTOR_LIST__=.
                0x80076728        0x4 LONG 0x0 (((__DTOR_END__-__DTOR_LIST__)/0x4)-0x2)
 *(.dtors)
                0x8007672c        0x4 LONG 0x0
                0x80076730                __DTOR_END__=.
 *(.rodata)
 .rodata        0x80076730      0x23b S2_String_Check.o
 .rodata        0x8007696b      0x2f5 S2_MPS_Text_Centering.o
 .rodata        0x80076c60      0x3fb S2_Knob_Acceleration__Pkt_.o
 .rodata        0x8007705b      0x687 S2_DMPS_Text_Router_v1_0.o
 .rodata        0x800776e2     0x2b1d S2_DMPS_Installer_Tools_v1_13.o
 .rodata        0x8007a1ff      0x3b7 S2_APAD_Long_Text_Edit.o
 .rodata        0x8007a5b6      0x457 S2_UserProgCmd_Interface_v1_0.o
 .rodata        0x8007aa0d      0x24a S2_UserProgCmd_Interface_Serial_To_Analog_v1_0.o
 .rodata        0x8007ac57      0x814 S2_DMPS_System_Info_V1_0_2.o
 .rodata        0x8007b46b      0x38d S2_Single_Line_Scroller_v1_2.o
 .rodata        0x8007b7f8      0x261 S2_IP_Address_Edit_with_Up_Down.o
 .rodata        0x8007ba59      0x2de S2_IP_Address_Edit_Acceleration.o
 .rodata        0x8007bd37      0x2d2 S2_DMPS_Analog_To_String_Conversion_v1_1.o
 .rodata        0x8007c009      0x23b S2_DMPS_String_to_Analog_Conversion_v1_1.o
 .rodata        0x8007c244      0x2de S2_StringSaver.o
 .rodata        0x8007c522      0x2c0 S2_Generic_CEC_Source_Control_Processor_v1_0.o
 .rodata        0x8007c7e2      0x49e S2_Add_or_Remove_Slave.o
 .rodata        0x8007cc80      0xe25 S2_Wireless_Mic_Monitoring.o
 .rodata        0x8007daa5      0x836 S2_NTP_Time_Sync_v1_0.o
 .rodata        0x8007e2db      0x2d7 S2_Input_Name.o
 .rodata        0x8007e5b2      0xe58 S2_Metrics.o
 .rodata        0x8007f40a      0xc54 library.o
 *(.gcc_except_table)
                0x8008005e                .=ALIGN(0x2)
                0x8008005e                __INIT_SECTION__=.
                0x8008005e        0x4 LONG 0x4e560000
 *(.init)
                0x80080062        0x2 SHORT 0x4e5e
                0x80080064        0x2 SHORT 0x4e75
                0x80080066                __FINI_SECTION__=.
                0x80080066        0x4 LONG 0x4e560000
 *(.fini)
                0x8008006a        0x2 SHORT 0x4e5e
                0x8008006c        0x2 SHORT 0x4e75
 *(.lit)
 *fill*         0x8008006e        0x2
                0x80080070                .=ALIGN(0x10)
                0x80080070                _etext=.
                0x80080070                etext=.

.data           0x80080070        0x0
                0x80080070                copy_start=.
 *(.shdata)
 *(.data)
 *(.gnu.linkonce.d.*)
                0x80080070                .=ALIGN(0x10)
                0x80080070                _edata=.
                0x80080070                copy_end=.

.got
 *(.got.plt)
 *(.got)

EntryList       0x80080070     0x1650
 *(EntryList)
 EntryList      0x80080070      0x110 S2_String_Check.o
                0x80080070                S2_String_Check_Entry
 EntryList      0x80080180      0x110 S2_MPS_Text_Centering.o
                0x80080180                S2_MPS_Text_Centering_Entry
 EntryList      0x80080290      0x110 S2_Knob_Acceleration__Pkt_.o
                0x80080290                S2_Knob_Acceleration__Pkt__Entry
 EntryList      0x800803a0      0x110 S2_DMPS_Text_Router_v1_0.o
                0x800803a0                S2_DMPS_Text_Router_v1_0_Entry
 EntryList      0x800804b0      0x110 S2_DMPS_Installer_Tools_v1_13.o
                0x800804b0                S2_DMPS_Installer_Tools_v1_13_Entry
 EntryList      0x800805c0      0x110 S2_APAD_Long_Text_Edit.o
                0x800805c0                S2_APAD_Long_Text_Edit_Entry
 EntryList      0x800806d0      0x110 S2_UserProgCmd_Interface_v1_0.o
                0x800806d0                S2_UserProgCmd_Interface_v1_0_Entry
 EntryList      0x800807e0      0x110 S2_UserProgCmd_Interface_Serial_To_Analog_v1_0.o
                0x800807e0                S2_UserProgCmd_Interface_Serial_To_Analog_v1_0_Entry
 EntryList      0x800808f0      0x110 S2_DMPS_System_Info_V1_0_2.o
                0x800808f0                S2_DMPS_System_Info_V1_0_2_Entry
 EntryList      0x80080a00      0x110 S2_Single_Line_Scroller_v1_2.o
                0x80080a00                S2_Single_Line_Scroller_v1_2_Entry
 EntryList      0x80080b10      0x110 S2_IP_Address_Edit_with_Up_Down.o
                0x80080b10                S2_IP_Address_Edit_with_Up_Down_Entry
 EntryList      0x80080c20      0x110 S2_IP_Address_Edit_Acceleration.o
                0x80080c20                S2_IP_Address_Edit_Acceleration_Entry
 EntryList      0x80080d30      0x110 S2_DMPS_Analog_To_String_Conversion_v1_1.o
                0x80080d30                S2_DMPS_Analog_To_String_Conversion_v1_1_Entry
 EntryList      0x80080e40      0x110 S2_DMPS_String_to_Analog_Conversion_v1_1.o
                0x80080e40                S2_DMPS_String_to_Analog_Conversion_v1_1_Entry
 EntryList      0x80080f50      0x110 S2_StringSaver.o
                0x80080f50                S2_StringSaver_Entry
 EntryList      0x80081060      0x110 S2_Generic_CEC_Source_Control_Processor_v1_0.o
                0x80081060                S2_Generic_CEC_Source_Control_Processor_v1_0_Entry
 EntryList      0x80081170      0x110 S2_Add_or_Remove_Slave.o
                0x80081170                S2_Add_or_Remove_Slave_Entry
 EntryList      0x80081280      0x110 S2_Wireless_Mic_Monitoring.o
                0x80081280                S2_Wireless_Mic_Monitoring_Entry
 EntryList      0x80081390      0x110 S2_NTP_Time_Sync_v1_0.o
                0x80081390                S2_NTP_Time_Sync_v1_0_Entry
 EntryList      0x800814a0      0x110 S2_Input_Name.o
                0x800814a0                S2_Input_Name_Entry
 EntryList      0x800815b0      0x110 S2_Metrics.o
                0x800815b0                S2_Metrics_Entry
                0x800816c0                .=ALIGN(0x4)

FunctionList    0x800816c0        0x4
 *(FunctionList)
 FunctionList   0x800816c0        0x4 globals.o
                0x800816c0                g_pFunctions
                0x800816c4                .=ALIGN(0x4)

.bss            0x800816c4        0x0
                0x800816c4                .=ALIGN(0x4)
                0x800816c4                __bss_start=.
 *(.shbss)
 *(.bss)
 *(COMMON)
                0x800816c8                _end=ALIGN(0x8)
                0x800816c8                __end=_end

.stab
 *(.stab)

.stabstr
 *(.stabstr)

.debug
 *(.debug)

.line
 *(.line)

.debug_srcinfo
 *(.debug_srcinfo)

.debug_sfnames
 *(.debug_sfnames)

.debug_aranges
 *(.debug_aranges)

.debug_pubnames
 *(.debug_pubnames)

.debug_info
 *(.debug_info)

.debug_abbrev
 *(.debug_abbrev)

.debug_line
 *(.debug_line)

.debug_frame
 *(.debug_frame)

.debug_str
 *(.debug_str)

.debug_loc
 *(.debug_loc)

.debug_macinfo
 *(.debug_macinfo)

.debug_weaknames
 *(.debug_weaknames)

.debug_funcnames
 *(.debug_funcnames)

.debug_typenames
 *(.debug_typenames)

.debug_varnames
 *(.debug_varnames)
LOAD S2_String_Check.o
LOAD S2_MPS_Text_Centering.o
LOAD S2_Knob_Acceleration__Pkt_.o
LOAD S2_DMPS_Text_Router_v1_0.o
LOAD S2_DMPS_Installer_Tools_v1_13.o
LOAD S2_APAD_Long_Text_Edit.o
LOAD S2_UserProgCmd_Interface_v1_0.o
LOAD S2_UserProgCmd_Interface_Serial_To_Analog_v1_0.o
LOAD S2_DMPS_System_Info_V1_0_2.o
LOAD S2_Single_Line_Scroller_v1_2.o
LOAD S2_IP_Address_Edit_with_Up_Down.o
LOAD S2_IP_Address_Edit_Acceleration.o
LOAD S2_DMPS_Analog_To_String_Conversion_v1_1.o
LOAD S2_DMPS_String_to_Analog_Conversion_v1_1.o
LOAD S2_StringSaver.o
LOAD S2_Generic_CEC_Source_Control_Processor_v1_0.o
LOAD S2_Add_or_Remove_Slave.o
LOAD S2_Wireless_Mic_Monitoring.o
LOAD S2_NTP_Time_Sync_v1_0.o
LOAD S2_Input_Name.o
LOAD S2_Metrics.o
LOAD globals.o
LOAD library.o
OUTPUT(_S2_TEC_HD.spl elf32-m68k)

.comment        0x800816c4      0x36a
 .comment       0x800816c4       0x26 S2_String_Check.o
 .comment       0x800816ea       0x26 S2_MPS_Text_Centering.o
 .comment       0x80081710       0x26 S2_Knob_Acceleration__Pkt_.o
 .comment       0x80081736       0x26 S2_DMPS_Text_Router_v1_0.o
 .comment       0x8008175c       0x26 S2_DMPS_Installer_Tools_v1_13.o
 .comment       0x80081782       0x26 S2_APAD_Long_Text_Edit.o
 .comment       0x800817a8       0x26 S2_UserProgCmd_Interface_v1_0.o
 .comment       0x800817ce       0x26 S2_UserProgCmd_Interface_Serial_To_Analog_v1_0.o
 .comment       0x800817f4       0x26 S2_DMPS_System_Info_V1_0_2.o
 .comment       0x8008181a       0x26 S2_Single_Line_Scroller_v1_2.o
 .comment       0x80081840       0x26 S2_IP_Address_Edit_with_Up_Down.o
 .comment       0x80081866       0x26 S2_IP_Address_Edit_Acceleration.o
 .comment       0x8008188c       0x26 S2_DMPS_Analog_To_String_Conversion_v1_1.o
 .comment       0x800818b2       0x26 S2_DMPS_String_to_Analog_Conversion_v1_1.o
 .comment       0x800818d8       0x26 S2_StringSaver.o
 .comment       0x800818fe       0x26 S2_Generic_CEC_Source_Control_Processor_v1_0.o
 .comment       0x80081924       0x26 S2_Add_or_Remove_Slave.o
 .comment       0x8008194a       0x26 S2_Wireless_Mic_Monitoring.o
 .comment       0x80081970       0x26 S2_NTP_Time_Sync_v1_0.o
 .comment       0x80081996       0x26 S2_Input_Name.o
 .comment       0x800819bc       0x26 S2_Metrics.o
 .comment       0x800819e2       0x26 globals.o
 .comment       0x80081a08       0x26 library.o
