
Memory Configuration

Name             Origin             Length             Attributes
ram              0x80000000         0x00500000         xrw
*default*        0x00000000         0xffffffff

Linker script and memory map

                0x00000000                __DYNAMIC=0x0
                0x00400000                PROVIDE (__stack, 0x400000)
                0x00000000                PROVIDE (hardware_init_hook, 0x0)
                0x00000000                PROVIDE (_hardware_init_hook, 0x0)
                0x00000000                PROVIDE (software_init_hook, 0x0)
                0x00000000                PROVIDE (_software_init_hook, 0x0)

.text           0x80000000    0x89d10
 *(.text)
 .text          0x80000000      0x258 S2_String_Check.o
                0x80000000                S2_String_Check_EventHandler
                0x8000017e                S2_String_CheckEventHandler00000
                0x800000bc                S2_String_Check_main
 .text          0x80000258      0x94a S2_MPS_Text_Centering.o
                0x80000710                S2_MPS_Text_CenteringEventHandler00000
                0x800009c2                S2_MPS_Text_Centering_main
                0x800008f2                S2_MPS_Text_Centering_EventHandler
 *fill*         0x80000ba2        0x2
 .text          0x80000ba4      0xe48 S2_Knob_Acceleration__Pkt_.o
                0x80001518                S2_Knob_Acceleration__Pkt__main
                0x800011a6                S2_Knob_Acceleration__Pkt_EventHandler00000
                0x8000143a                S2_Knob_Acceleration__Pkt__EventHandler
 .text          0x800019ec     0x5420 S2_DMPS_Text_Router_v1_0.o
                0x80006c44                S2_DMPS_Text_Router_v1_0EventHandler00009
                0x80006bee                S2_DMPS_Text_Router_v1_0EventHandler00008
                0x800061aa                S2_DMPS_Text_Router_v1_0_main
                0x8000689c                S2_DMPS_Text_Router_v1_0EventHandler00001
                0x80006a8e                S2_DMPS_Text_Router_v1_0EventHandler00004
                0x80006d8a                S2_DMPS_Text_Router_v1_0EventHandler0000B
                0x80006b1a                S2_DMPS_Text_Router_v1_0EventHandler00007
                0x8000697a                S2_DMPS_Text_Router_v1_0EventHandler00002
                0x80005f66                S2_DMPS_Text_Router_v1_0_EventHandler
                0x800067be                S2_DMPS_Text_Router_v1_0EventHandler00000
                0x80003c78                S2_DMPS_Text_Router_v1_0EventHandler00005
                0x80004c2a                S2_DMPS_Text_Router_v1_0EventHandler00006
                0x80006a02                S2_DMPS_Text_Router_v1_0EventHandler00003
                0x80006ce6                S2_DMPS_Text_Router_v1_0EventHandler0000A
 .text          0x80006e0c    0x4be18 S2_DMPS_Installer_Tools_v1_13.o
                0x80042190                S2_DMPS_Installer_Tools_v1_13EventHandler00029
                0x80044cb0                S2_DMPS_Installer_Tools_v1_13EventHandler00051
                0x8003fbf0                S2_DMPS_Installer_Tools_v1_13EventHandler00014
                0x8005257a                S2_DMPS_Installer_Tools_v1_13EventHandler00044
                0x80016cea                S2_DMPS_Installer_Tools_v1_13EventHandler00001
                0x80012936                S2_DMPS_Installer_Tools_v1_13KEYPADIDWAIT
                0x80051fec                S2_DMPS_Installer_Tools_v1_13EventHandler0003B
                0x80052264                S2_DMPS_Installer_Tools_v1_13EventHandler0003F
                0x8001fc56                S2_DMPS_Installer_Tools_v1_13EventHandler00006
                0x800523a0                S2_DMPS_Installer_Tools_v1_13EventHandler00041
                0x8001b00a                S2_DMPS_Installer_Tools_v1_13EventHandler00004
                0x80052752                S2_DMPS_Installer_Tools_v1_13EventHandler00047
                0x80043a62                S2_DMPS_Installer_Tools_v1_13EventHandler0004D
                0x80046d84                S2_DMPS_Installer_Tools_v1_13_main
                0x800255d4                S2_DMPS_Installer_Tools_v1_13EventHandler0000A
                0x80042ce8                S2_DMPS_Installer_Tools_v1_13EventHandler0002F
                0x80051762                S2_DMPS_Installer_Tools_v1_13EventHandler00011
                0x80052b46                S2_DMPS_Installer_Tools_v1_13EventHandler00054
                0x80040cc6                S2_DMPS_Installer_Tools_v1_13EventHandler0001B
                0x80024c86                S2_DMPS_Installer_Tools_v1_13EventHandler00008
                0x8005288a                S2_DMPS_Installer_Tools_v1_13EventHandler00049
                0x80052bda                S2_DMPS_Installer_Tools_v1_13EventHandler00056
                0x80051eb0                S2_DMPS_Installer_Tools_v1_13EventHandler00039
                0x800517ee                S2_DMPS_Installer_Tools_v1_13EventHandler00019
                0x80041636                S2_DMPS_Installer_Tools_v1_13EventHandler00022
                0x80041cbe                S2_DMPS_Installer_Tools_v1_13EventHandler00026
                0x800516e6                S2_DMPS_Installer_Tools_v1_13PASSWORDWAIT
                0x800521c6                S2_DMPS_Installer_Tools_v1_13EventHandler0003E
                0x80052926                S2_DMPS_Installer_Tools_v1_13EventHandler0004A
                0x80040ffe                S2_DMPS_Installer_Tools_v1_13EventHandler0001C
                0x8004352a                S2_DMPS_Installer_Tools_v1_13EventHandler00032
                0x80052afc                S2_DMPS_Installer_Tools_v1_13EventHandler00053
                0x800424b0                S2_DMPS_Installer_Tools_v1_13EventHandler0002B
                0x800403cc                S2_DMPS_Installer_Tools_v1_13EventHandler00016
                0x80051b9a                S2_DMPS_Installer_Tools_v1_13EventHandler00034
                0x8003ddda                S2_DMPS_Installer_Tools_v1_13EventHandler0000E
                0x80046c60                S2_DMPS_Installer_Tools_v1_13_EventHandler
                0x800526b6                S2_DMPS_Installer_Tools_v1_13EventHandler00046
                0x8002575c                S2_DMPS_Installer_Tools_v1_13EventHandler0000B
                0x80052a5e                S2_DMPS_Installer_Tools_v1_13EventHandler0004E
                0x800172e6                S2_DMPS_Installer_Tools_v1_13EventHandler00003
                0x80052302                S2_DMPS_Installer_Tools_v1_13EventHandler00040
                0x80051f4e                S2_DMPS_Installer_Tools_v1_13EventHandler0003A
                0x8001b53e                S2_DMPS_Installer_Tools_v1_13EventHandler00005
                0x800527ee                S2_DMPS_Installer_Tools_v1_13EventHandler00048
                0x80052b90                S2_DMPS_Installer_Tools_v1_13EventHandler00055
                0x80051a2a                S2_DMPS_Installer_Tools_v1_13EventHandler0001E
                0x8002544c                S2_DMPS_Installer_Tools_v1_13EventHandler00009
                0x80043400                S2_DMPS_Installer_Tools_v1_13EventHandler00031
                0x8003e474                S2_DMPS_Installer_Tools_v1_13EventHandler00010
                0x8004197a                S2_DMPS_Installer_Tools_v1_13EventHandler00024
                0x8004373e                S2_DMPS_Installer_Tools_v1_13EventHandler0004C
                0x8004295c                S2_DMPS_Installer_Tools_v1_13EventHandler0002E
                0x80051cd6                S2_DMPS_Installer_Tools_v1_13EventHandler00036
                0x80042002                S2_DMPS_Installer_Tools_v1_13EventHandler00028
                0x80051e12                S2_DMPS_Installer_Tools_v1_13EventHandler00038
                0x8003d91e                S2_DMPS_Installer_Tools_v1_13RESTOREAUDIODEFAULTSWAIT
                0x8004263e                S2_DMPS_Installer_Tools_v1_13EventHandler0002C
                0x800407ba                S2_DMPS_Installer_Tools_v1_13EventHandler00017
                0x8003db7c                S2_DMPS_Installer_Tools_v1_13RESTOREDEFAULTSWAIT
                0x800529c2                S2_DMPS_Installer_Tools_v1_13EventHandler0004B
                0x80051afc                S2_DMPS_Installer_Tools_v1_13EventHandler00033
                0x8004451e                S2_DMPS_Installer_Tools_v1_13EventHandler00050
                0x80042320                S2_DMPS_Installer_Tools_v1_13EventHandler0002A
                0x8003faaa                S2_DMPS_Installer_Tools_v1_13EventHandler00013
                0x80045442                S2_DMPS_Installer_Tools_v1_13EventHandler00052
                0x8003ffde                S2_DMPS_Installer_Tools_v1_13EventHandler00015
                0x80029752                S2_DMPS_Installer_Tools_v1_13EventHandler0000C
                0x80043d8c                S2_DMPS_Installer_Tools_v1_13EventHandler0004F
                0x8005208a                S2_DMPS_Installer_Tools_v1_13EventHandler0003C
                0x800298ca                S2_DMPS_Installer_Tools_v1_13EventHandler0000D
                0x80045f7e                S2_DMPS_Installer_Tools_v1_13EventHandler00058
                0x800524dc                S2_DMPS_Installer_Tools_v1_13EventHandler00043
                0x80016696                S2_DMPS_Installer_Tools_v1_13EventHandler00000
                0x8002041c                S2_DMPS_Installer_Tools_v1_13EventHandler00007
                0x8005243e                S2_DMPS_Installer_Tools_v1_13EventHandler00042
                0x80052618                S2_DMPS_Installer_Tools_v1_13EventHandler00045
                0x80051724                S2_DMPS_Installer_Tools_v1_13WRONGPASSWORDWAIT
                0x8001704a                S2_DMPS_Installer_Tools_v1_13EventHandler00002
                0x8003ea88                S2_DMPS_Installer_Tools_v1_13EventHandler00012
                0x80045bd4                S2_DMPS_Installer_Tools_v1_13EventHandler00057
                0x800518c6                S2_DMPS_Installer_Tools_v1_13EventHandler0001A
                0x8004118c                S2_DMPS_Installer_Tools_v1_13EventHandler0001F
                0x80043074                S2_DMPS_Installer_Tools_v1_13EventHandler00030
                0x80051d74                S2_DMPS_Installer_Tools_v1_13EventHandler00037
                0x8003e148                S2_DMPS_Installer_Tools_v1_13EventHandler0000F
                0x800417d8                S2_DMPS_Installer_Tools_v1_13EventHandler00023
                0x80041b1c                S2_DMPS_Installer_Tools_v1_13EventHandler00025
                0x800427cc                S2_DMPS_Installer_Tools_v1_13EventHandler0002D
                0x80040a40                S2_DMPS_Installer_Tools_v1_13EventHandler00018
                0x800414a8                S2_DMPS_Installer_Tools_v1_13EventHandler00021
                0x8004131a                S2_DMPS_Installer_Tools_v1_13EventHandler00020
                0x80041e60                S2_DMPS_Installer_Tools_v1_13EventHandler00027
                0x8005199e                S2_DMPS_Installer_Tools_v1_13EventHandler0001D
                0x80051c38                S2_DMPS_Installer_Tools_v1_13EventHandler00035
                0x80052128                S2_DMPS_Installer_Tools_v1_13EventHandler0003D
 .text          0x80052c24     0x2168 S2_APAD_Long_Text_Edit.o
                0x80054ca4                S2_APAD_Long_Text_EditEventHandler0000D
                0x800546fe                S2_APAD_Long_Text_Edit_main
                0x80053958                S2_APAD_Long_Text_EditEventHandler00005
                0x800548f2                S2_APAD_Long_Text_EditEventHandler00002
                0x80054b6e                S2_APAD_Long_Text_EditEventHandler0000A
                0x80053f50                S2_APAD_Long_Text_EditEventHandler00007
                0x80054baa                S2_APAD_Long_Text_EditEventHandler0000B
                0x80053b80                S2_APAD_Long_Text_EditEventHandler00006
                0x800549b4                S2_APAD_Long_Text_EditEventHandler00003
                0x80054be6                S2_APAD_Long_Text_EditEventHandler0000C
                0x80054a4c                S2_APAD_Long_Text_EditEventHandler00008
                0x80054618                S2_APAD_Long_Text_Edit_EventHandler
                0x8005432a                S2_APAD_Long_Text_EditEventHandler00009
                0x80053442                S2_APAD_Long_Text_EditEventHandler00000
                0x800536f6                S2_APAD_Long_Text_EditEventHandler00004
                0x8005359c                S2_APAD_Long_Text_EditEventHandler00001
 .text          0x80054d8c     0x1078 S2_UserProgCmd_Interface_v1_0.o
                0x80054ea6                S2_UserProgCmd_Interface_v1_0EventHandler00000
                0x80055c8c                S2_UserProgCmd_Interface_v1_0_main
                0x80055ba8                S2_UserProgCmd_Interface_v1_0_EventHandler
 .text          0x80055e04      0x34c S2_UserProgCmd_Interface_Serial_To_Analog_v1_0.o
                0x80055f02                S2_UserProgCmd_Interface_Serial_To_Analog_v1_0_main
                0x80055e04                S2_UserProgCmd_Interface_Serial_To_Analog_v1_0_EventHandler
                0x800560c0                S2_UserProgCmd_Interface_Serial_To_Analog_v1_0EventHandler00001
                0x80055fce                S2_UserProgCmd_Interface_Serial_To_Analog_v1_0EventHandler00000
 .text          0x80056150     0x32b4 S2_DMPS_System_Info_V1_0_2.o
                0x80058f96                S2_DMPS_System_Info_V1_0_2EventHandler00002
                0x80059362                S2_DMPS_System_Info_V1_0_2EventHandler00008
                0x8005921e                S2_DMPS_System_Info_V1_0_2EventHandler00006
                0x80056150                S2_DMPS_System_Info_V1_0_2EventHandler00000
                0x80059038                S2_DMPS_System_Info_V1_0_2EventHandler00003
                0x80058c28                S2_DMPS_System_Info_V1_0_2_EventHandler
                0x80058cda                S2_DMPS_System_Info_V1_0_2_main
                0x80056558                S2_DMPS_System_Info_V1_0_2EventHandler00001
                0x80058ee2                S2_DMPS_System_Info_V1_0_2__SPLS_TMPVAR__WAITLABEL_0__
                0x8005917c                S2_DMPS_System_Info_V1_0_2EventHandler00005
                0x800590da                S2_DMPS_System_Info_V1_0_2EventHandler00004
                0x800592c0                S2_DMPS_System_Info_V1_0_2EventHandler00007
 .text          0x80059404     0x1e9c S2_Single_Line_Scroller_v1_2.o
                0x80059ab4                S2_Single_Line_Scroller_v1_2EventHandler00000
                0x8005a08a                S2_Single_Line_Scroller_v1_2EventHandler00001
                0x8005ae64                S2_Single_Line_Scroller_v1_2_main
                0x8005a22a                S2_Single_Line_Scroller_v1_2EventHandler00002
                0x8005b212                S2_Single_Line_Scroller_v1_2EventHandler00006
                0x8005aa82                S2_Single_Line_Scroller_v1_2EventHandler00007
                0x8005ad98                S2_Single_Line_Scroller_v1_2_EventHandler
                0x8005a86a                S2_Single_Line_Scroller_v1_2EventHandler00005
                0x8005a47e                S2_Single_Line_Scroller_v1_2EventHandler00003
                0x8005a6be                S2_Single_Line_Scroller_v1_2EventHandler00004
 .text          0x8005b2a0     0x1140 S2_IP_Address_Edit_with_Up_Down.o
                0x8005c368                S2_IP_Address_Edit_with_Up_DownEventHandler00000
                0x8005c3a4                S2_IP_Address_Edit_with_Up_DownEventHandler00001
                0x8005bfbc                S2_IP_Address_Edit_with_Up_Down_EventHandler
                0x8005c0aa                S2_IP_Address_Edit_with_Up_Down_main
 .text          0x8005c3e0      0xd38 S2_IP_Address_Edit_Acceleration.o
                0x8005c8b4                S2_IP_Address_Edit_AccelerationEventHandler00000
                0x8005cb48                S2_IP_Address_Edit_Acceleration_EventHandler
                0x8005cc26                S2_IP_Address_Edit_Acceleration_main
 .text          0x8005d118      0x53c S2_DMPS_Analog_To_String_Conversion_v1_1.o
                0x8005d118                S2_DMPS_Analog_To_String_Conversion_v1_1EventHandler00000
                0x8005d538                S2_DMPS_Analog_To_String_Conversion_v1_1_EventHandler
                0x8005d5f4                S2_DMPS_Analog_To_String_Conversion_v1_1_main
 .text          0x8005d654      0x31c S2_DMPS_String_to_Analog_Conversion_v1_1.o
                0x8005d8e0                S2_DMPS_String_to_Analog_Conversion_v1_1_main
                0x8005d654                S2_DMPS_String_to_Analog_Conversion_v1_1EventHandler00000
                0x8005d83a                S2_DMPS_String_to_Analog_Conversion_v1_1_EventHandler
 .text          0x8005d970      0x5d8 S2_StringSaver.o
                0x8005de38                S2_StringSaverEventHandler00001
                0x8005da96                S2_StringSaver_EventHandler
                0x8005ddee                S2_StringSaverEventHandler00000
                0x8005db84                S2_StringSaver_main
 .text          0x8005df48      0x502 S2_Generic_CEC_Source_Control_Processor_v1_0.o
                0x8005e26e                S2_Generic_CEC_Source_Control_Processor_v1_0_EventHandler
                0x8005e32a                S2_Generic_CEC_Source_Control_Processor_v1_0_main
                0x8005df48                S2_Generic_CEC_Source_Control_Processor_v1_0EventHandler00000
 *fill*         0x8005e44a        0x2
 .text          0x8005e44c     0x2380 S2_Add_or_Remove_Slave.o
                0x800603a0                S2_Add_or_Remove_Slave_main
                0x8005ead0                S2_Add_or_Remove_SlaveEventHandler00003
                0x8005e950                S2_Add_or_Remove_SlaveEventHandler00002
                0x800602d6                S2_Add_or_Remove_Slave_EventHandler
                0x8005f0e2                S2_Add_or_Remove_SlaveEventHandler00005
                0x8005e754                S2_Add_or_Remove_SlaveEventHandler00001
                0x8005e44c                S2_Add_or_Remove_SlaveEventHandler00000
                0x8005ec54                S2_Add_or_Remove_SlaveEventHandler00004
 .text          0x800607cc     0x8ad6 S2_Wireless_Mic_Monitoring.o
                0x80060c3e                S2_Wireless_Mic_MonitoringEventHandler00002
                0x80068de4                S2_Wireless_Mic_Monitoring_EventHandler
                0x80068ee2                S2_Wireless_Mic_Monitoring_main
                0x800607cc                S2_Wireless_Mic_MonitoringEventHandler00000
                0x80060a32                S2_Wireless_Mic_MonitoringEventHandler00001
 *fill*         0x800692a2        0x2
 .text          0x800692a4     0x2d34 S2_NTP_Time_Sync_v1_0.o
                0x8006be74                S2_NTP_Time_Sync_v1_0_main
                0x8006bac8                S2_NTP_Time_Sync_v1_0EventHandler00001
                0x8006bd68                S2_NTP_Time_Sync_v1_0_EventHandler
                0x8006b7be                S2_NTP_Time_Sync_v1_0SERVERWAIT
                0x8006b44e                S2_NTP_Time_Sync_v1_0EventHandler00000
 .text          0x8006bfd8      0xafe S2_Input_Name.o
                0x8006c450                S2_Input_NameEventHandler00002
                0x8006ca36                S2_Input_NameEventHandler00008
                0x8006c234                S2_Input_NameEventHandler00000
                0x8006c0fc                S2_Input_Name_EventHandler
                0x8006c996                S2_Input_NameEventHandler00007
                0x8006c55e                S2_Input_NameEventHandler00003
                0x8006c66c                S2_Input_NameEventHandler00004
                0x8006c1c2                S2_Input_Name_main
                0x8006c888                S2_Input_NameEventHandler00006
                0x8006c342                S2_Input_NameEventHandler00001
                0x8006c77a                S2_Input_NameEventHandler00005
 *fill*         0x8006cad6        0x2
 .text          0x8006cad8     0xb064 S2_Metrics.o
                0x80073484                S2_MetricsEventHandler0000C
                0x80073e5c                S2_MetricsEventHandler00012
                0x8007746c                S2_MetricsEventHandler0001C
                0x80076ee0                S2_MetricsEventHandler0000B
                0x800723ea                S2_MetricsEventHandler00000
                0x80072df4                S2_MetricsEventHandler00006
                0x80072c50                S2_MetricsEventHandler00005
                0x80074000                S2_MetricsEventHandler00013
                0x80076d3a                S2_MetricsRECONNECTTIMER
                0x80073970                S2_MetricsEventHandler0000F
                0x80074360                S2_MetricsEventHandler00016
                0x80075f92                S2_Metrics_main
                0x8007754a                S2_MetricsEventHandler0001D
                0x80077a4c                S2_MetricsEventHandler00025
                0x80073b14                S2_MetricsEventHandler00010
                0x800748e6                S2_MetricsEventHandler00022
                0x80075e72                S2_Metrics_EventHandler
                0x8007313c                S2_MetricsEventHandler00008
                0x80073cb8                S2_MetricsEventHandler00011
                0x80073628                S2_MetricsEventHandler0000D
                0x80072908                S2_MetricsEventHandler00003
                0x80076d30                S2_Metrics_QUEUEDEVENT_Destructor
                0x80077016                S2_MetricsEventHandler00015
                0x800778a2                S2_MetricsEventHandler00021
                0x800732e0                S2_MetricsEventHandler00009
                0x80076daa                S2_MetricsEventHandler0000A
                0x80072aac                S2_MetricsEventHandler00004
                0x8007738e                S2_MetricsEventHandler0001B
                0x80077628                S2_MetricsEventHandler0001E
                0x800777e4                S2_MetricsEventHandler00020
                0x800737cc                S2_MetricsEventHandler0000E
                0x800772b0                S2_MetricsEventHandler0001A
                0x800741a4                S2_MetricsEventHandler00014
                0x80077706                S2_MetricsEventHandler0001F
                0x80074b1e                S2_MetricsEventHandler00023
                0x80075936                S2_Metrics_QUEUEDEVENT_Constructor
                0x80074cf4                S2_MetricsEventHandler00026
                0x800745ae                S2_MetricsEventHandler00017
                0x80072764                S2_MetricsEventHandler00002
                0x80072f98                S2_MetricsEventHandler00007
                0x800725a6                S2_MetricsEventHandler00001
                0x800771d2                S2_MetricsEventHandler00019
                0x800770f4                S2_MetricsEventHandler00018
                0x80077950                S2_MetricsEventHandler00024
 .text          0x80077b3c     0x289e S2_GetConfig.o
                0x800781a8                S2_GetConfigEventHandler00001
                0x800785e6                S2_GetConfigEventHandler00005
                0x800797f6                S2_GetConfigEventHandler00016
                0x800792a6                S2_GetConfigEventHandler00011
                0x800796e6                S2_GetConfigEventHandler00015
                0x8007a118                S2_GetConfigEventHandler0001F
                0x8007809a                S2_GetConfigEventHandler00000
                0x80079cd8                S2_GetConfigEventHandler0001B
                0x800784d6                S2_GetConfigEventHandler00004
                0x80078a26                S2_GetConfigEventHandler00009
                0x80079bc8                S2_GetConfigEventHandler0001A
                0x80077f70                S2_GetConfig_main
                0x800793b6                S2_GetConfigEventHandler00012
                0x80078e66                S2_GetConfigEventHandler0000D
                0x80079ab8                S2_GetConfigEventHandler00019
                0x80079086                S2_GetConfigEventHandler0000F
                0x80078916                S2_GetConfigEventHandler00008
                0x80079196                S2_GetConfigEventHandler00010
                0x80079ef8                S2_GetConfigEventHandler0001D
                0x80078b36                S2_GetConfigEventHandler0000A
                0x800782b6                S2_GetConfigEventHandler00002
                0x8007a1ba                S2_GetConfigEventHandler00020
                0x80078d56                S2_GetConfigEventHandler0000C
                0x800799a8                S2_GetConfigEventHandler00018
                0x80078c46                S2_GetConfigEventHandler0000B
                0x800795d6                S2_GetConfigEventHandler00014
                0x80078806                S2_GetConfigEventHandler00007
                0x800786f6                S2_GetConfigEventHandler00006
                0x8007a2ca                S2_GetConfigEventHandler00021
                0x800783c6                S2_GetConfigEventHandler00003
                0x800794c6                S2_GetConfigEventHandler00013
                0x8007a008                S2_GetConfigEventHandler0001E
                0x80079898                S2_GetConfigEventHandler00017
                0x80078f76                S2_GetConfigEventHandler0000E
                0x80079de8                S2_GetConfigEventHandler0001C
                0x80078010                S2_GetConfig_EventHandler
 *fill*         0x8007a3da        0x2
 .text          0x8007a3dc     0x5836 library.o
                0x8007e5c8                RotateRightLong
                0x8007ebd6                IsSystem
                0x8007e52c                Seed
                0x8007be24                Remove
                0x8007e1a8                Ltoa
                0x8007ded4                Atoi
                0x8007d23c                InitRampInfoArray
                0x8007e982                Right
                0x8007f9b2                LockInputSema
                0x8007e456                Mod
                0x8007e63e                Getc
                0x8007e38a                SMuldiv
                0x8007ebb8                IsHidden
                0x8007e26e                Min
                0x8007f7c6                hextosi
                0x8007ed5c                WriteIntegerArray
                0x8007f2d2                GetSignedIntArrayElementPtr
                0x8007dbf6                CheckStructArray
                0x8007f7da                hextosl
                0x8007eee2                WriteSignedIntegerArray
                0x8007d8be                InitStringParamArray
                0x8007cb90                ReadSignedLongIntegerArray
                0x8007bab2                GatherToDelimiter
                0x8007d6e2                InitStringArray
                0x8007e248                Max
                0x8007ec12                IsReadOnly
                0x8007e352                SMax
                0x8007bc56                GatherByLength
                0x8007e0e2                Chr
                0x8007ed34                ReadSignedLongInteger
                0x8007e160                Itohex
                0x8007db68                GetStructArrayElement
                0x8007de5c                UNS_SetByte
                0x8007e956                ReverseFindi
                0x8007d038                ReadStringArray
                0x8007f0e2                GetIntArrayElementPtr
                0x8007e792                Lower
                0x8007e548                RotateLeft
                0x8007f8fa                ResizeIfAutogrow
                0x8007d368                CheckInputArray
                0x8007a94a                ResizeStringArray
                0x8007e074                Atosl
                0x8007de9c                High
                0x8007e4f8                Rnd
                0x8007e41a                UMod
                0x8007e59e                RotateLeftLong
                0x8007fa26                FindNumericChar
                0x8007f52a                CheckIOArrayBounds2
                0x8007eb70                MakeProgramFilename
                0x8007e36e                SMin
                0x8007e6c6                Left
                0x8007e608                CheckBufferThreshold
                0x8007ecec                ReadSignedInteger
                0x8007dec6                LowWord
                0x8007a3dc                Bit
                0x8007ec9c                ReadLongInteger
                0x8007dcda                Byte
                0x8007f1da                GetLongArrayElementPtr
                0x8007e928                ReverseFind
                0x8007eb86                GetSeries
                0x8007faf2                InitTcpServer
                0x8007e77a                Len
                0x8007f5fa                InitializeRampInfoInternal
                0x8007e294                Divide
                0x8007dfe0                Atol
                0x8007eb7c                GetModelNumber
                0x8007f4c2                CheckIOArrayBounds
                0x8007d3c2                CheckStringInputArray
                0x8007efa4                WriteSignedLongIntegerArray
                0x8007dab2                GetStringArrayElement
                0x8007e1ec                Ltohex
                0x8007e118                Itoa
                0x8007e572                RotateRight
                0x8007c112                InternalReverseFind
                0x8007ec7c                WriteLongInteger
                0x8007d5e6                InitDynamicStringStruct
                0x8007d4d8                SetStringArray
                0x8007c96e                ReadSignedIntegerArray
                0x8007d41c                SetOutputArray
                0x8007ec2c                WriteInteger
                0x8007da46                InitStructDynamicArray
                0x8007c39c                SetString
                0x8007e492                Random
                0x8007ecc4                WriteSignedInteger
                0x8007a640                Find
                0x8007eb90                GetProgramNumber
                0x8007e866                Mid
                0x8007fa64                InitTcpClient
                0x8007b52e                ResizeStructArray
                0x8007f3ca                GetSignedLongArrayElementPtr
                0x8007f7ec                hextol
                0x8007cdb2                ReadString
                0x8007d778                InitDynamicStringArray
                0x8007f8d2                UpperChar
                0x8007df70                Atosi
                0x8007ec54                ReadInteger
                0x8007e306                Muldiv
                0x8007d48a                SetStringOutputArray
                0x8007f068                WriteString
                0x8007afa2                ResizeIntegerArray
                0x8007d330                InitInOutArray
                0x8007d986                InitNvramStringArray
                0x8007e230                Abs
                0x8007e3d6                SDivide
                0x8007c52c                ReadIntegerArray
                0x8007a4ec                CompareStrings
                0x8007f8aa                LowerChar
                0x8007fb82                InitUdpSocket
                0x8007e5f0                ClearBuffer
                0x8007ea3e                Upper
                0x8007da22                InitStructArray
                0x8007eb14                MakeLower
                0x8007ebf4                IsVolume
                0x8007bf7e                RemoveByLength
                0x8007dc72                CheckStringOutputArrayIndex
                0x8007ee1e                WriteLongIntegerArray
                0x8007f6a6                InitRampInfoStructArray
                0x8007deb8                HighWord
                0x8007a7b4                ResizeString
                0x8007eb9a                IsDirectory
                0x8007c74c                ReadLongIntegerArray
                0x8007deaa                Low
                0x8007b958                Gather
                0x8007eb42                MakeUpper
                0x8007d5a8                InitStringStruct
                0x8007f592                CheckStringArrayBounds
                0x8007e2d8                CheckDenominator
                0x8007f7ae                hextoi
                0x8007ced0                WriteStringArray
                0x8007dd9a                SetByte
                0x8007f650                InitializeRampInfo
                0x8007f9ec                UnLockInputSema
                0x8007ed14                WriteSignedLongInteger
                0x8007d69a                InitNvramStringStruct
 *fill*         0x8007fc12        0xe
                0x8007fc20                .=ALIGN(0x10)
 *(.eh_frame)
                0x8007fc20                .=ALIGN(0x10)
 *(.gnu.linkonce.t.*)
                0x8007fc20                .=ALIGN(0x4)
                0x8007fc20                __CTOR_LIST__=.
                0x8007fc20                ___CTOR_LIST__=.
                0x8007fc20        0x4 LONG 0x0 (((__CTOR_END__-__CTOR_LIST__)/0x4)-0x2)
 *(.ctors)
                0x8007fc24        0x4 LONG 0x0
                0x8007fc28                __CTOR_END__=.
                0x8007fc28                __DTOR_LIST__=.
                0x8007fc28                ___DTOR_LIST__=.
                0x8007fc28        0x4 LONG 0x0 (((__DTOR_END__-__DTOR_LIST__)/0x4)-0x2)
 *(.dtors)
                0x8007fc2c        0x4 LONG 0x0
                0x8007fc30                __DTOR_END__=.
 *(.rodata)
 .rodata        0x8007fc30      0x23b S2_String_Check.o
 .rodata        0x8007fe6b      0x2f5 S2_MPS_Text_Centering.o
 .rodata        0x80080160      0x3fb S2_Knob_Acceleration__Pkt_.o
 .rodata        0x8008055b      0x687 S2_DMPS_Text_Router_v1_0.o
 .rodata        0x80080be2     0x2b1d S2_DMPS_Installer_Tools_v1_13.o
 .rodata        0x800836ff      0x3b7 S2_APAD_Long_Text_Edit.o
 .rodata        0x80083ab6      0x457 S2_UserProgCmd_Interface_v1_0.o
 .rodata        0x80083f0d      0x24a S2_UserProgCmd_Interface_Serial_To_Analog_v1_0.o
 .rodata        0x80084157      0x814 S2_DMPS_System_Info_V1_0_2.o
 .rodata        0x8008496b      0x38d S2_Single_Line_Scroller_v1_2.o
 .rodata        0x80084cf8      0x261 S2_IP_Address_Edit_with_Up_Down.o
 .rodata        0x80084f59      0x2de S2_IP_Address_Edit_Acceleration.o
 .rodata        0x80085237      0x2d2 S2_DMPS_Analog_To_String_Conversion_v1_1.o
 .rodata        0x80085509      0x23b S2_DMPS_String_to_Analog_Conversion_v1_1.o
 .rodata        0x80085744      0x2de S2_StringSaver.o
 .rodata        0x80085a22      0x2c0 S2_Generic_CEC_Source_Control_Processor_v1_0.o
 .rodata        0x80085ce2      0x5ab S2_Add_or_Remove_Slave.o
 .rodata        0x8008628d      0xe25 S2_Wireless_Mic_Monitoring.o
 .rodata        0x800870b2      0x836 S2_NTP_Time_Sync_v1_0.o
 .rodata        0x800878e8      0x2d7 S2_Input_Name.o
 .rodata        0x80087bbf     0x119c S2_Metrics.o
 .rodata        0x80088d5b      0x343 S2_GetConfig.o
 .rodata        0x8008909e      0xc54 library.o
 *(.gcc_except_table)
                0x80089cf2                .=ALIGN(0x2)
                0x80089cf2                __INIT_SECTION__=.
                0x80089cf2        0x4 LONG 0x4e560000
 *(.init)
                0x80089cf6        0x2 SHORT 0x4e5e
                0x80089cf8        0x2 SHORT 0x4e75
                0x80089cfa                __FINI_SECTION__=.
                0x80089cfa        0x4 LONG 0x4e560000
 *(.fini)
                0x80089cfe        0x2 SHORT 0x4e5e
                0x80089d00        0x2 SHORT 0x4e75
 *(.lit)
 *fill*         0x80089d02        0xe
                0x80089d10                .=ALIGN(0x10)
                0x80089d10                _etext=.
                0x80089d10                etext=.

.data           0x80089d10        0x0
                0x80089d10                copy_start=.
 *(.shdata)
 *(.data)
 *(.gnu.linkonce.d.*)
                0x80089d10                .=ALIGN(0x10)
                0x80089d10                _edata=.
                0x80089d10                copy_end=.

.got
 *(.got.plt)
 *(.got)

EntryList       0x80089d10     0x1760
 *(EntryList)
 EntryList      0x80089d10      0x110 S2_String_Check.o
                0x80089d10                S2_String_Check_Entry
 EntryList      0x80089e20      0x110 S2_MPS_Text_Centering.o
                0x80089e20                S2_MPS_Text_Centering_Entry
 EntryList      0x80089f30      0x110 S2_Knob_Acceleration__Pkt_.o
                0x80089f30                S2_Knob_Acceleration__Pkt__Entry
 EntryList      0x8008a040      0x110 S2_DMPS_Text_Router_v1_0.o
                0x8008a040                S2_DMPS_Text_Router_v1_0_Entry
 EntryList      0x8008a150      0x110 S2_DMPS_Installer_Tools_v1_13.o
                0x8008a150                S2_DMPS_Installer_Tools_v1_13_Entry
 EntryList      0x8008a260      0x110 S2_APAD_Long_Text_Edit.o
                0x8008a260                S2_APAD_Long_Text_Edit_Entry
 EntryList      0x8008a370      0x110 S2_UserProgCmd_Interface_v1_0.o
                0x8008a370                S2_UserProgCmd_Interface_v1_0_Entry
 EntryList      0x8008a480      0x110 S2_UserProgCmd_Interface_Serial_To_Analog_v1_0.o
                0x8008a480                S2_UserProgCmd_Interface_Serial_To_Analog_v1_0_Entry
 EntryList      0x8008a590      0x110 S2_DMPS_System_Info_V1_0_2.o
                0x8008a590                S2_DMPS_System_Info_V1_0_2_Entry
 EntryList      0x8008a6a0      0x110 S2_Single_Line_Scroller_v1_2.o
                0x8008a6a0                S2_Single_Line_Scroller_v1_2_Entry
 EntryList      0x8008a7b0      0x110 S2_IP_Address_Edit_with_Up_Down.o
                0x8008a7b0                S2_IP_Address_Edit_with_Up_Down_Entry
 EntryList      0x8008a8c0      0x110 S2_IP_Address_Edit_Acceleration.o
                0x8008a8c0                S2_IP_Address_Edit_Acceleration_Entry
 EntryList      0x8008a9d0      0x110 S2_DMPS_Analog_To_String_Conversion_v1_1.o
                0x8008a9d0                S2_DMPS_Analog_To_String_Conversion_v1_1_Entry
 EntryList      0x8008aae0      0x110 S2_DMPS_String_to_Analog_Conversion_v1_1.o
                0x8008aae0                S2_DMPS_String_to_Analog_Conversion_v1_1_Entry
 EntryList      0x8008abf0      0x110 S2_StringSaver.o
                0x8008abf0                S2_StringSaver_Entry
 EntryList      0x8008ad00      0x110 S2_Generic_CEC_Source_Control_Processor_v1_0.o
                0x8008ad00                S2_Generic_CEC_Source_Control_Processor_v1_0_Entry
 EntryList      0x8008ae10      0x110 S2_Add_or_Remove_Slave.o
                0x8008ae10                S2_Add_or_Remove_Slave_Entry
 EntryList      0x8008af20      0x110 S2_Wireless_Mic_Monitoring.o
                0x8008af20                S2_Wireless_Mic_Monitoring_Entry
 EntryList      0x8008b030      0x110 S2_NTP_Time_Sync_v1_0.o
                0x8008b030                S2_NTP_Time_Sync_v1_0_Entry
 EntryList      0x8008b140      0x110 S2_Input_Name.o
                0x8008b140                S2_Input_Name_Entry
 EntryList      0x8008b250      0x110 S2_Metrics.o
                0x8008b250                S2_Metrics_Entry
 EntryList      0x8008b360      0x110 S2_GetConfig.o
                0x8008b360                S2_GetConfig_Entry
                0x8008b470                .=ALIGN(0x4)

FunctionList    0x8008b470        0x4
 *(FunctionList)
 FunctionList   0x8008b470        0x4 globals.o
                0x8008b470                g_pFunctions
                0x8008b474                .=ALIGN(0x4)

.bss            0x8008b474        0x0
                0x8008b474                .=ALIGN(0x4)
                0x8008b474                __bss_start=.
 *(.shbss)
 *(.bss)
 *(COMMON)
                0x8008b478                _end=ALIGN(0x8)
                0x8008b478                __end=_end

.stab
 *(.stab)

.stabstr
 *(.stabstr)

.debug
 *(.debug)

.line
 *(.line)

.debug_srcinfo
 *(.debug_srcinfo)

.debug_sfnames
 *(.debug_sfnames)

.debug_aranges
 *(.debug_aranges)

.debug_pubnames
 *(.debug_pubnames)

.debug_info
 *(.debug_info)

.debug_abbrev
 *(.debug_abbrev)

.debug_line
 *(.debug_line)

.debug_frame
 *(.debug_frame)

.debug_str
 *(.debug_str)

.debug_loc
 *(.debug_loc)

.debug_macinfo
 *(.debug_macinfo)

.debug_weaknames
 *(.debug_weaknames)

.debug_funcnames
 *(.debug_funcnames)

.debug_typenames
 *(.debug_typenames)

.debug_varnames
 *(.debug_varnames)
LOAD S2_String_Check.o
LOAD S2_MPS_Text_Centering.o
LOAD S2_Knob_Acceleration__Pkt_.o
LOAD S2_DMPS_Text_Router_v1_0.o
LOAD S2_DMPS_Installer_Tools_v1_13.o
LOAD S2_APAD_Long_Text_Edit.o
LOAD S2_UserProgCmd_Interface_v1_0.o
LOAD S2_UserProgCmd_Interface_Serial_To_Analog_v1_0.o
LOAD S2_DMPS_System_Info_V1_0_2.o
LOAD S2_Single_Line_Scroller_v1_2.o
LOAD S2_IP_Address_Edit_with_Up_Down.o
LOAD S2_IP_Address_Edit_Acceleration.o
LOAD S2_DMPS_Analog_To_String_Conversion_v1_1.o
LOAD S2_DMPS_String_to_Analog_Conversion_v1_1.o
LOAD S2_StringSaver.o
LOAD S2_Generic_CEC_Source_Control_Processor_v1_0.o
LOAD S2_Add_or_Remove_Slave.o
LOAD S2_Wireless_Mic_Monitoring.o
LOAD S2_NTP_Time_Sync_v1_0.o
LOAD S2_Input_Name.o
LOAD S2_Metrics.o
LOAD S2_GetConfig.o
LOAD globals.o
LOAD library.o
OUTPUT(_S2_TEC_HD.spl elf32-m68k)

.comment        0x8008b474      0x390
 .comment       0x8008b474       0x26 S2_String_Check.o
 .comment       0x8008b49a       0x26 S2_MPS_Text_Centering.o
 .comment       0x8008b4c0       0x26 S2_Knob_Acceleration__Pkt_.o
 .comment       0x8008b4e6       0x26 S2_DMPS_Text_Router_v1_0.o
 .comment       0x8008b50c       0x26 S2_DMPS_Installer_Tools_v1_13.o
 .comment       0x8008b532       0x26 S2_APAD_Long_Text_Edit.o
 .comment       0x8008b558       0x26 S2_UserProgCmd_Interface_v1_0.o
 .comment       0x8008b57e       0x26 S2_UserProgCmd_Interface_Serial_To_Analog_v1_0.o
 .comment       0x8008b5a4       0x26 S2_DMPS_System_Info_V1_0_2.o
 .comment       0x8008b5ca       0x26 S2_Single_Line_Scroller_v1_2.o
 .comment       0x8008b5f0       0x26 S2_IP_Address_Edit_with_Up_Down.o
 .comment       0x8008b616       0x26 S2_IP_Address_Edit_Acceleration.o
 .comment       0x8008b63c       0x26 S2_DMPS_Analog_To_String_Conversion_v1_1.o
 .comment       0x8008b662       0x26 S2_DMPS_String_to_Analog_Conversion_v1_1.o
 .comment       0x8008b688       0x26 S2_StringSaver.o
 .comment       0x8008b6ae       0x26 S2_Generic_CEC_Source_Control_Processor_v1_0.o
 .comment       0x8008b6d4       0x26 S2_Add_or_Remove_Slave.o
 .comment       0x8008b6fa       0x26 S2_Wireless_Mic_Monitoring.o
 .comment       0x8008b720       0x26 S2_NTP_Time_Sync_v1_0.o
 .comment       0x8008b746       0x26 S2_Input_Name.o
 .comment       0x8008b76c       0x26 S2_Metrics.o
 .comment       0x8008b792       0x26 S2_GetConfig.o
 .comment       0x8008b7b8       0x26 globals.o
 .comment       0x8008b7de       0x26 library.o
