
Memory Configuration

Name             Origin             Length             Attributes
ram              0x80000000         0x00500000         xrw
*default*        0x00000000         0xffffffff

Linker script and memory map

                0x00000000                __DYNAMIC=0x0
                0x00400000                PROVIDE (__stack, 0x400000)
                0x00000000                PROVIDE (hardware_init_hook, 0x0)
                0x00000000                PROVIDE (_hardware_init_hook, 0x0)
                0x00000000                PROVIDE (software_init_hook, 0x0)
                0x00000000                PROVIDE (_software_init_hook, 0x0)

.text           0x80000000    0x83d20
 *(.text)
 .text          0x80000000      0x258 S2_String_Check.o
                0x80000000                S2_String_Check_EventHandler
                0x8000017e                S2_String_CheckEventHandler00000
                0x800000bc                S2_String_Check_main
 .text          0x80000258      0x94a S2_MPS_Text_Centering.o
                0x80000710                S2_MPS_Text_CenteringEventHandler00000
                0x800009c2                S2_MPS_Text_Centering_main
                0x800008f2                S2_MPS_Text_Centering_EventHandler
 *fill*         0x80000ba2        0x2
 .text          0x80000ba4      0xe48 S2_Knob_Acceleration__Pkt_.o
                0x80001518                S2_Knob_Acceleration__Pkt__main
                0x800011a6                S2_Knob_Acceleration__Pkt_EventHandler00000
                0x8000143a                S2_Knob_Acceleration__Pkt__EventHandler
 .text          0x800019ec     0x5420 S2_DMPS_Text_Router_v1_0.o
                0x80006c44                S2_DMPS_Text_Router_v1_0EventHandler00009
                0x80006bee                S2_DMPS_Text_Router_v1_0EventHandler00008
                0x800061aa                S2_DMPS_Text_Router_v1_0_main
                0x8000689c                S2_DMPS_Text_Router_v1_0EventHandler00001
                0x80006a8e                S2_DMPS_Text_Router_v1_0EventHandler00004
                0x80006d8a                S2_DMPS_Text_Router_v1_0EventHandler0000B
                0x80006b1a                S2_DMPS_Text_Router_v1_0EventHandler00007
                0x8000697a                S2_DMPS_Text_Router_v1_0EventHandler00002
                0x80005f66                S2_DMPS_Text_Router_v1_0_EventHandler
                0x800067be                S2_DMPS_Text_Router_v1_0EventHandler00000
                0x80003c78                S2_DMPS_Text_Router_v1_0EventHandler00005
                0x80004c2a                S2_DMPS_Text_Router_v1_0EventHandler00006
                0x80006a02                S2_DMPS_Text_Router_v1_0EventHandler00003
                0x80006ce6                S2_DMPS_Text_Router_v1_0EventHandler0000A
 .text          0x80006e0c    0x4be18 S2_DMPS_Installer_Tools_v1_13.o
                0x80042190                S2_DMPS_Installer_Tools_v1_13EventHandler00029
                0x80044cb0                S2_DMPS_Installer_Tools_v1_13EventHandler00051
                0x8003fbf0                S2_DMPS_Installer_Tools_v1_13EventHandler00014
                0x8005257a                S2_DMPS_Installer_Tools_v1_13EventHandler00044
                0x80016cea                S2_DMPS_Installer_Tools_v1_13EventHandler00001
                0x80012936                S2_DMPS_Installer_Tools_v1_13KEYPADIDWAIT
                0x80051fec                S2_DMPS_Installer_Tools_v1_13EventHandler0003B
                0x80052264                S2_DMPS_Installer_Tools_v1_13EventHandler0003F
                0x8001fc56                S2_DMPS_Installer_Tools_v1_13EventHandler00006
                0x800523a0                S2_DMPS_Installer_Tools_v1_13EventHandler00041
                0x8001b00a                S2_DMPS_Installer_Tools_v1_13EventHandler00004
                0x80052752                S2_DMPS_Installer_Tools_v1_13EventHandler00047
                0x80043a62                S2_DMPS_Installer_Tools_v1_13EventHandler0004D
                0x80046d84                S2_DMPS_Installer_Tools_v1_13_main
                0x800255d4                S2_DMPS_Installer_Tools_v1_13EventHandler0000A
                0x80042ce8                S2_DMPS_Installer_Tools_v1_13EventHandler0002F
                0x80051762                S2_DMPS_Installer_Tools_v1_13EventHandler00011
                0x80052b46                S2_DMPS_Installer_Tools_v1_13EventHandler00054
                0x80040cc6                S2_DMPS_Installer_Tools_v1_13EventHandler0001B
                0x80024c86                S2_DMPS_Installer_Tools_v1_13EventHandler00008
                0x8005288a                S2_DMPS_Installer_Tools_v1_13EventHandler00049
                0x80052bda                S2_DMPS_Installer_Tools_v1_13EventHandler00056
                0x80051eb0                S2_DMPS_Installer_Tools_v1_13EventHandler00039
                0x800517ee                S2_DMPS_Installer_Tools_v1_13EventHandler00019
                0x80041636                S2_DMPS_Installer_Tools_v1_13EventHandler00022
                0x80041cbe                S2_DMPS_Installer_Tools_v1_13EventHandler00026
                0x800516e6                S2_DMPS_Installer_Tools_v1_13PASSWORDWAIT
                0x800521c6                S2_DMPS_Installer_Tools_v1_13EventHandler0003E
                0x80052926                S2_DMPS_Installer_Tools_v1_13EventHandler0004A
                0x80040ffe                S2_DMPS_Installer_Tools_v1_13EventHandler0001C
                0x8004352a                S2_DMPS_Installer_Tools_v1_13EventHandler00032
                0x80052afc                S2_DMPS_Installer_Tools_v1_13EventHandler00053
                0x800424b0                S2_DMPS_Installer_Tools_v1_13EventHandler0002B
                0x800403cc                S2_DMPS_Installer_Tools_v1_13EventHandler00016
                0x80051b9a                S2_DMPS_Installer_Tools_v1_13EventHandler00034
                0x8003ddda                S2_DMPS_Installer_Tools_v1_13EventHandler0000E
                0x80046c60                S2_DMPS_Installer_Tools_v1_13_EventHandler
                0x800526b6                S2_DMPS_Installer_Tools_v1_13EventHandler00046
                0x8002575c                S2_DMPS_Installer_Tools_v1_13EventHandler0000B
                0x80052a5e                S2_DMPS_Installer_Tools_v1_13EventHandler0004E
                0x800172e6                S2_DMPS_Installer_Tools_v1_13EventHandler00003
                0x80052302                S2_DMPS_Installer_Tools_v1_13EventHandler00040
                0x80051f4e                S2_DMPS_Installer_Tools_v1_13EventHandler0003A
                0x8001b53e                S2_DMPS_Installer_Tools_v1_13EventHandler00005
                0x800527ee                S2_DMPS_Installer_Tools_v1_13EventHandler00048
                0x80052b90                S2_DMPS_Installer_Tools_v1_13EventHandler00055
                0x80051a2a                S2_DMPS_Installer_Tools_v1_13EventHandler0001E
                0x8002544c                S2_DMPS_Installer_Tools_v1_13EventHandler00009
                0x80043400                S2_DMPS_Installer_Tools_v1_13EventHandler00031
                0x8003e474                S2_DMPS_Installer_Tools_v1_13EventHandler00010
                0x8004197a                S2_DMPS_Installer_Tools_v1_13EventHandler00024
                0x8004373e                S2_DMPS_Installer_Tools_v1_13EventHandler0004C
                0x8004295c                S2_DMPS_Installer_Tools_v1_13EventHandler0002E
                0x80051cd6                S2_DMPS_Installer_Tools_v1_13EventHandler00036
                0x80042002                S2_DMPS_Installer_Tools_v1_13EventHandler00028
                0x80051e12                S2_DMPS_Installer_Tools_v1_13EventHandler00038
                0x8003d91e                S2_DMPS_Installer_Tools_v1_13RESTOREAUDIODEFAULTSWAIT
                0x8004263e                S2_DMPS_Installer_Tools_v1_13EventHandler0002C
                0x800407ba                S2_DMPS_Installer_Tools_v1_13EventHandler00017
                0x8003db7c                S2_DMPS_Installer_Tools_v1_13RESTOREDEFAULTSWAIT
                0x800529c2                S2_DMPS_Installer_Tools_v1_13EventHandler0004B
                0x80051afc                S2_DMPS_Installer_Tools_v1_13EventHandler00033
                0x8004451e                S2_DMPS_Installer_Tools_v1_13EventHandler00050
                0x80042320                S2_DMPS_Installer_Tools_v1_13EventHandler0002A
                0x8003faaa                S2_DMPS_Installer_Tools_v1_13EventHandler00013
                0x80045442                S2_DMPS_Installer_Tools_v1_13EventHandler00052
                0x8003ffde                S2_DMPS_Installer_Tools_v1_13EventHandler00015
                0x80029752                S2_DMPS_Installer_Tools_v1_13EventHandler0000C
                0x80043d8c                S2_DMPS_Installer_Tools_v1_13EventHandler0004F
                0x8005208a                S2_DMPS_Installer_Tools_v1_13EventHandler0003C
                0x800298ca                S2_DMPS_Installer_Tools_v1_13EventHandler0000D
                0x80045f7e                S2_DMPS_Installer_Tools_v1_13EventHandler00058
                0x800524dc                S2_DMPS_Installer_Tools_v1_13EventHandler00043
                0x80016696                S2_DMPS_Installer_Tools_v1_13EventHandler00000
                0x8002041c                S2_DMPS_Installer_Tools_v1_13EventHandler00007
                0x8005243e                S2_DMPS_Installer_Tools_v1_13EventHandler00042
                0x80052618                S2_DMPS_Installer_Tools_v1_13EventHandler00045
                0x80051724                S2_DMPS_Installer_Tools_v1_13WRONGPASSWORDWAIT
                0x8001704a                S2_DMPS_Installer_Tools_v1_13EventHandler00002
                0x8003ea88                S2_DMPS_Installer_Tools_v1_13EventHandler00012
                0x80045bd4                S2_DMPS_Installer_Tools_v1_13EventHandler00057
                0x800518c6                S2_DMPS_Installer_Tools_v1_13EventHandler0001A
                0x8004118c                S2_DMPS_Installer_Tools_v1_13EventHandler0001F
                0x80043074                S2_DMPS_Installer_Tools_v1_13EventHandler00030
                0x80051d74                S2_DMPS_Installer_Tools_v1_13EventHandler00037
                0x8003e148                S2_DMPS_Installer_Tools_v1_13EventHandler0000F
                0x800417d8                S2_DMPS_Installer_Tools_v1_13EventHandler00023
                0x80041b1c                S2_DMPS_Installer_Tools_v1_13EventHandler00025
                0x800427cc                S2_DMPS_Installer_Tools_v1_13EventHandler0002D
                0x80040a40                S2_DMPS_Installer_Tools_v1_13EventHandler00018
                0x800414a8                S2_DMPS_Installer_Tools_v1_13EventHandler00021
                0x8004131a                S2_DMPS_Installer_Tools_v1_13EventHandler00020
                0x80041e60                S2_DMPS_Installer_Tools_v1_13EventHandler00027
                0x8005199e                S2_DMPS_Installer_Tools_v1_13EventHandler0001D
                0x80051c38                S2_DMPS_Installer_Tools_v1_13EventHandler00035
                0x80052128                S2_DMPS_Installer_Tools_v1_13EventHandler0003D
 .text          0x80052c24     0x2168 S2_APAD_Long_Text_Edit.o
                0x80054ca4                S2_APAD_Long_Text_EditEventHandler0000D
                0x800546fe                S2_APAD_Long_Text_Edit_main
                0x80053958                S2_APAD_Long_Text_EditEventHandler00005
                0x800548f2                S2_APAD_Long_Text_EditEventHandler00002
                0x80054b6e                S2_APAD_Long_Text_EditEventHandler0000A
                0x80053f50                S2_APAD_Long_Text_EditEventHandler00007
                0x80054baa                S2_APAD_Long_Text_EditEventHandler0000B
                0x80053b80                S2_APAD_Long_Text_EditEventHandler00006
                0x800549b4                S2_APAD_Long_Text_EditEventHandler00003
                0x80054be6                S2_APAD_Long_Text_EditEventHandler0000C
                0x80054a4c                S2_APAD_Long_Text_EditEventHandler00008
                0x80054618                S2_APAD_Long_Text_Edit_EventHandler
                0x8005432a                S2_APAD_Long_Text_EditEventHandler00009
                0x80053442                S2_APAD_Long_Text_EditEventHandler00000
                0x800536f6                S2_APAD_Long_Text_EditEventHandler00004
                0x8005359c                S2_APAD_Long_Text_EditEventHandler00001
 .text          0x80054d8c     0x1078 S2_UserProgCmd_Interface_v1_0.o
                0x80054ea6                S2_UserProgCmd_Interface_v1_0EventHandler00000
                0x80055c8c                S2_UserProgCmd_Interface_v1_0_main
                0x80055ba8                S2_UserProgCmd_Interface_v1_0_EventHandler
 .text          0x80055e04      0x34c S2_UserProgCmd_Interface_Serial_To_Analog_v1_0.o
                0x80055f02                S2_UserProgCmd_Interface_Serial_To_Analog_v1_0_main
                0x80055e04                S2_UserProgCmd_Interface_Serial_To_Analog_v1_0_EventHandler
                0x800560c0                S2_UserProgCmd_Interface_Serial_To_Analog_v1_0EventHandler00001
                0x80055fce                S2_UserProgCmd_Interface_Serial_To_Analog_v1_0EventHandler00000
 .text          0x80056150     0x32b4 S2_DMPS_System_Info_V1_0_2.o
                0x80058f96                S2_DMPS_System_Info_V1_0_2EventHandler00002
                0x80059362                S2_DMPS_System_Info_V1_0_2EventHandler00008
                0x8005921e                S2_DMPS_System_Info_V1_0_2EventHandler00006
                0x80056150                S2_DMPS_System_Info_V1_0_2EventHandler00000
                0x80059038                S2_DMPS_System_Info_V1_0_2EventHandler00003
                0x80058c28                S2_DMPS_System_Info_V1_0_2_EventHandler
                0x80058cda                S2_DMPS_System_Info_V1_0_2_main
                0x80056558                S2_DMPS_System_Info_V1_0_2EventHandler00001
                0x80058ee2                S2_DMPS_System_Info_V1_0_2__SPLS_TMPVAR__WAITLABEL_0__
                0x8005917c                S2_DMPS_System_Info_V1_0_2EventHandler00005
                0x800590da                S2_DMPS_System_Info_V1_0_2EventHandler00004
                0x800592c0                S2_DMPS_System_Info_V1_0_2EventHandler00007
 .text          0x80059404     0x1e9c S2_Single_Line_Scroller_v1_2.o
                0x80059ab4                S2_Single_Line_Scroller_v1_2EventHandler00000
                0x8005a08a                S2_Single_Line_Scroller_v1_2EventHandler00001
                0x8005ae64                S2_Single_Line_Scroller_v1_2_main
                0x8005a22a                S2_Single_Line_Scroller_v1_2EventHandler00002
                0x8005b212                S2_Single_Line_Scroller_v1_2EventHandler00006
                0x8005aa82                S2_Single_Line_Scroller_v1_2EventHandler00007
                0x8005ad98                S2_Single_Line_Scroller_v1_2_EventHandler
                0x8005a86a                S2_Single_Line_Scroller_v1_2EventHandler00005
                0x8005a47e                S2_Single_Line_Scroller_v1_2EventHandler00003
                0x8005a6be                S2_Single_Line_Scroller_v1_2EventHandler00004
 .text          0x8005b2a0     0x1140 S2_IP_Address_Edit_with_Up_Down.o
                0x8005c368                S2_IP_Address_Edit_with_Up_DownEventHandler00000
                0x8005c3a4                S2_IP_Address_Edit_with_Up_DownEventHandler00001
                0x8005bfbc                S2_IP_Address_Edit_with_Up_Down_EventHandler
                0x8005c0aa                S2_IP_Address_Edit_with_Up_Down_main
 .text          0x8005c3e0      0xd38 S2_IP_Address_Edit_Acceleration.o
                0x8005c8b4                S2_IP_Address_Edit_AccelerationEventHandler00000
                0x8005cb48                S2_IP_Address_Edit_Acceleration_EventHandler
                0x8005cc26                S2_IP_Address_Edit_Acceleration_main
 .text          0x8005d118      0x53c S2_DMPS_Analog_To_String_Conversion_v1_1.o
                0x8005d118                S2_DMPS_Analog_To_String_Conversion_v1_1EventHandler00000
                0x8005d538                S2_DMPS_Analog_To_String_Conversion_v1_1_EventHandler
                0x8005d5f4                S2_DMPS_Analog_To_String_Conversion_v1_1_main
 .text          0x8005d654      0x31c S2_DMPS_String_to_Analog_Conversion_v1_1.o
                0x8005d8e0                S2_DMPS_String_to_Analog_Conversion_v1_1_main
                0x8005d654                S2_DMPS_String_to_Analog_Conversion_v1_1EventHandler00000
                0x8005d83a                S2_DMPS_String_to_Analog_Conversion_v1_1_EventHandler
 .text          0x8005d970      0x5d8 S2_StringSaver.o
                0x8005de38                S2_StringSaverEventHandler00001
                0x8005da96                S2_StringSaver_EventHandler
                0x8005ddee                S2_StringSaverEventHandler00000
                0x8005db84                S2_StringSaver_main
 .text          0x8005df48      0x502 S2_Generic_CEC_Source_Control_Processor_v1_0.o
                0x8005e26e                S2_Generic_CEC_Source_Control_Processor_v1_0_EventHandler
                0x8005e32a                S2_Generic_CEC_Source_Control_Processor_v1_0_main
                0x8005df48                S2_Generic_CEC_Source_Control_Processor_v1_0EventHandler00000
 *fill*         0x8005e44a        0x2
 .text          0x8005e44c     0x23aa S2_Add_or_Remove_Slave.o
                0x800603ca                S2_Add_or_Remove_Slave_main
                0x8005ead0                S2_Add_or_Remove_SlaveEventHandler00003
                0x8005e950                S2_Add_or_Remove_SlaveEventHandler00002
                0x80060300                S2_Add_or_Remove_Slave_EventHandler
                0x8005f0e2                S2_Add_or_Remove_SlaveEventHandler00005
                0x8005e754                S2_Add_or_Remove_SlaveEventHandler00001
                0x8005e44c                S2_Add_or_Remove_SlaveEventHandler00000
                0x8005ec54                S2_Add_or_Remove_SlaveEventHandler00004
 *fill*         0x800607f6        0x2
 .text          0x800607f8     0x8ad6 S2_Wireless_Mic_Monitoring.o
                0x80060c6a                S2_Wireless_Mic_MonitoringEventHandler00002
                0x80068e10                S2_Wireless_Mic_Monitoring_EventHandler
                0x80068f0e                S2_Wireless_Mic_Monitoring_main
                0x800607f8                S2_Wireless_Mic_MonitoringEventHandler00000
                0x80060a5e                S2_Wireless_Mic_MonitoringEventHandler00001
 *fill*         0x800692ce        0x2
 .text          0x800692d0     0x2d34 S2_NTP_Time_Sync_v1_0.o
                0x8006bea0                S2_NTP_Time_Sync_v1_0_main
                0x8006baf4                S2_NTP_Time_Sync_v1_0EventHandler00001
                0x8006bd94                S2_NTP_Time_Sync_v1_0_EventHandler
                0x8006b7ea                S2_NTP_Time_Sync_v1_0SERVERWAIT
                0x8006b47a                S2_NTP_Time_Sync_v1_0EventHandler00000
 .text          0x8006c004      0xafe S2_Input_Name.o
                0x8006c47c                S2_Input_NameEventHandler00002
                0x8006ca62                S2_Input_NameEventHandler00008
                0x8006c260                S2_Input_NameEventHandler00000
                0x8006c128                S2_Input_Name_EventHandler
                0x8006c9c2                S2_Input_NameEventHandler00007
                0x8006c58a                S2_Input_NameEventHandler00003
                0x8006c698                S2_Input_NameEventHandler00004
                0x8006c1ee                S2_Input_Name_main
                0x8006c8b4                S2_Input_NameEventHandler00006
                0x8006c36e                S2_Input_NameEventHandler00001
                0x8006c7a6                S2_Input_NameEventHandler00005
 *fill*         0x8006cb02        0x2
 .text          0x8006cb04     0x7d96 S2_Metrics.o
                0x80071fa0                S2_MetricsEventHandler0000C
                0x800745fe                S2_MetricsEventHandler00012
                0x80071de0                S2_MetricsEventHandler0000B
                0x80070aa0                S2_MetricsEventHandler00000
                0x80071520                S2_MetricsEventHandler00006
                0x80071360                S2_MetricsEventHandler00005
                0x800746ac                S2_MetricsEventHandler00013
                0x800725a4                S2_MetricsEventHandler0000F
                0x800747da                S2_MetricsEventHandler00016
                0x80073cd0                S2_Metrics_main
                0x800727f2                S2_MetricsEventHandler00010
                0x80073b48                S2_Metrics_EventHandler
                0x800718a0                S2_MetricsEventHandler00008
                0x80074540                S2_MetricsEventHandler00011
                0x80072160                S2_MetricsEventHandler0000D
                0x80070fe0                S2_MetricsEventHandler00003
                0x80074536                S2_Metrics_QUEUEDEVENT_Destructor
                0x80074704                S2_MetricsEventHandler00015
                0x80071a60                S2_MetricsEventHandler00009
                0x80071c20                S2_MetricsEventHandler0000A
                0x800711a0                S2_MetricsEventHandler00004
                0x80072320                S2_MetricsEventHandler0000E
                0x80072a40                S2_MetricsEventHandler00014
                0x8007381c                S2_Metrics_QUEUEDEVENT_Constructor
                0x80072bda                S2_MetricsEventHandler00017
                0x80070e20                S2_MetricsEventHandler00002
                0x800716e0                S2_MetricsEventHandler00007
                0x80070c60                S2_MetricsEventHandler00001
 *fill*         0x8007489a        0x2
 .text          0x8007489c     0x5836 library.o
                0x80078a88                RotateRightLong
                0x80079096                IsSystem
                0x800789ec                Seed
                0x800762e4                Remove
                0x80078668                Ltoa
                0x80078394                Atoi
                0x800776fc                InitRampInfoArray
                0x80078e42                Right
                0x80079e72                LockInputSema
                0x80078916                Mod
                0x80078afe                Getc
                0x8007884a                SMuldiv
                0x80079078                IsHidden
                0x8007872e                Min
                0x80079c86                hextosi
                0x8007921c                WriteIntegerArray
                0x80079792                GetSignedIntArrayElementPtr
                0x800780b6                CheckStructArray
                0x80079c9a                hextosl
                0x800793a2                WriteSignedIntegerArray
                0x80077d7e                InitStringParamArray
                0x80077050                ReadSignedLongIntegerArray
                0x80075f72                GatherToDelimiter
                0x80077ba2                InitStringArray
                0x80078708                Max
                0x800790d2                IsReadOnly
                0x80078812                SMax
                0x80076116                GatherByLength
                0x800785a2                Chr
                0x800791f4                ReadSignedLongInteger
                0x80078620                Itohex
                0x80078028                GetStructArrayElement
                0x8007831c                UNS_SetByte
                0x80078e16                ReverseFindi
                0x800774f8                ReadStringArray
                0x800795a2                GetIntArrayElementPtr
                0x80078c52                Lower
                0x80078a08                RotateLeft
                0x80079dba                ResizeIfAutogrow
                0x80077828                CheckInputArray
                0x80074e0a                ResizeStringArray
                0x80078534                Atosl
                0x8007835c                High
                0x800789b8                Rnd
                0x800788da                UMod
                0x80078a5e                RotateLeftLong
                0x80079ee6                FindNumericChar
                0x800799ea                CheckIOArrayBounds2
                0x80079030                MakeProgramFilename
                0x8007882e                SMin
                0x80078b86                Left
                0x80078ac8                CheckBufferThreshold
                0x800791ac                ReadSignedInteger
                0x80078386                LowWord
                0x8007489c                Bit
                0x8007915c                ReadLongInteger
                0x8007819a                Byte
                0x8007969a                GetLongArrayElementPtr
                0x80078de8                ReverseFind
                0x80079046                GetSeries
                0x80079fb2                InitTcpServer
                0x80078c3a                Len
                0x80079aba                InitializeRampInfoInternal
                0x80078754                Divide
                0x800784a0                Atol
                0x8007903c                GetModelNumber
                0x80079982                CheckIOArrayBounds
                0x80077882                CheckStringInputArray
                0x80079464                WriteSignedLongIntegerArray
                0x80077f72                GetStringArrayElement
                0x800786ac                Ltohex
                0x800785d8                Itoa
                0x80078a32                RotateRight
                0x800765d2                InternalReverseFind
                0x8007913c                WriteLongInteger
                0x80077aa6                InitDynamicStringStruct
                0x80077998                SetStringArray
                0x80076e2e                ReadSignedIntegerArray
                0x800778dc                SetOutputArray
                0x800790ec                WriteInteger
                0x80077f06                InitStructDynamicArray
                0x8007685c                SetString
                0x80078952                Random
                0x80079184                WriteSignedInteger
                0x80074b00                Find
                0x80079050                GetProgramNumber
                0x80078d26                Mid
                0x80079f24                InitTcpClient
                0x800759ee                ResizeStructArray
                0x8007988a                GetSignedLongArrayElementPtr
                0x80079cac                hextol
                0x80077272                ReadString
                0x80077c38                InitDynamicStringArray
                0x80079d92                UpperChar
                0x80078430                Atosi
                0x80079114                ReadInteger
                0x800787c6                Muldiv
                0x8007794a                SetStringOutputArray
                0x80079528                WriteString
                0x80075462                ResizeIntegerArray
                0x800777f0                InitInOutArray
                0x80077e46                InitNvramStringArray
                0x800786f0                Abs
                0x80078896                SDivide
                0x800769ec                ReadIntegerArray
                0x800749ac                CompareStrings
                0x80079d6a                LowerChar
                0x8007a042                InitUdpSocket
                0x80078ab0                ClearBuffer
                0x80078efe                Upper
                0x80077ee2                InitStructArray
                0x80078fd4                MakeLower
                0x800790b4                IsVolume
                0x8007643e                RemoveByLength
                0x80078132                CheckStringOutputArrayIndex
                0x800792de                WriteLongIntegerArray
                0x80079b66                InitRampInfoStructArray
                0x80078378                HighWord
                0x80074c74                ResizeString
                0x8007905a                IsDirectory
                0x80076c0c                ReadLongIntegerArray
                0x8007836a                Low
                0x80075e18                Gather
                0x80079002                MakeUpper
                0x80077a68                InitStringStruct
                0x80079a52                CheckStringArrayBounds
                0x80078798                CheckDenominator
                0x80079c6e                hextoi
                0x80077390                WriteStringArray
                0x8007825a                SetByte
                0x80079b10                InitializeRampInfo
                0x80079eac                UnLockInputSema
                0x800791d4                WriteSignedLongInteger
                0x80077b5a                InitNvramStringStruct
 *fill*         0x8007a0d2        0xe
                0x8007a0e0                .=ALIGN(0x10)
 *(.eh_frame)
                0x8007a0e0                .=ALIGN(0x10)
 *(.gnu.linkonce.t.*)
                0x8007a0e0                .=ALIGN(0x4)
                0x8007a0e0                __CTOR_LIST__=.
                0x8007a0e0                ___CTOR_LIST__=.
                0x8007a0e0        0x4 LONG 0x0 (((__CTOR_END__-__CTOR_LIST__)/0x4)-0x2)
 *(.ctors)
                0x8007a0e4        0x4 LONG 0x0
                0x8007a0e8                __CTOR_END__=.
                0x8007a0e8                __DTOR_LIST__=.
                0x8007a0e8                ___DTOR_LIST__=.
                0x8007a0e8        0x4 LONG 0x0 (((__DTOR_END__-__DTOR_LIST__)/0x4)-0x2)
 *(.dtors)
                0x8007a0ec        0x4 LONG 0x0
                0x8007a0f0                __DTOR_END__=.
 *(.rodata)
 .rodata        0x8007a0f0      0x23b S2_String_Check.o
 .rodata        0x8007a32b      0x2f5 S2_MPS_Text_Centering.o
 .rodata        0x8007a620      0x3fb S2_Knob_Acceleration__Pkt_.o
 .rodata        0x8007aa1b      0x687 S2_DMPS_Text_Router_v1_0.o
 .rodata        0x8007b0a2     0x2b1d S2_DMPS_Installer_Tools_v1_13.o
 .rodata        0x8007dbbf      0x3b7 S2_APAD_Long_Text_Edit.o
 .rodata        0x8007df76      0x457 S2_UserProgCmd_Interface_v1_0.o
 .rodata        0x8007e3cd      0x24a S2_UserProgCmd_Interface_Serial_To_Analog_v1_0.o
 .rodata        0x8007e617      0x814 S2_DMPS_System_Info_V1_0_2.o
 .rodata        0x8007ee2b      0x38d S2_Single_Line_Scroller_v1_2.o
 .rodata        0x8007f1b8      0x261 S2_IP_Address_Edit_with_Up_Down.o
 .rodata        0x8007f419      0x2de S2_IP_Address_Edit_Acceleration.o
 .rodata        0x8007f6f7      0x2d2 S2_DMPS_Analog_To_String_Conversion_v1_1.o
 .rodata        0x8007f9c9      0x23b S2_DMPS_String_to_Analog_Conversion_v1_1.o
 .rodata        0x8007fc04      0x2de S2_StringSaver.o
 .rodata        0x8007fee2      0x2c0 S2_Generic_CEC_Source_Control_Processor_v1_0.o
 .rodata        0x800801a2      0x5be S2_Add_or_Remove_Slave.o
 .rodata        0x80080760      0xe25 S2_Wireless_Mic_Monitoring.o
 .rodata        0x80081585      0x836 S2_NTP_Time_Sync_v1_0.o
 .rodata        0x80081dbb      0x2d7 S2_Input_Name.o
 .rodata        0x80082092     0x101e S2_Metrics.o
 .rodata        0x800830b0      0xc54 library.o
 *(.gcc_except_table)
                0x80083d04                .=ALIGN(0x2)
                0x80083d04                __INIT_SECTION__=.
                0x80083d04        0x4 LONG 0x4e560000
 *(.init)
                0x80083d08        0x2 SHORT 0x4e5e
                0x80083d0a        0x2 SHORT 0x4e75
                0x80083d0c                __FINI_SECTION__=.
                0x80083d0c        0x4 LONG 0x4e560000
 *(.fini)
                0x80083d10        0x2 SHORT 0x4e5e
                0x80083d12        0x2 SHORT 0x4e75
 *(.lit)
 *fill*         0x80083d14        0xc
                0x80083d20                .=ALIGN(0x10)
                0x80083d20                _etext=.
                0x80083d20                etext=.

.data           0x80083d20        0x0
                0x80083d20                copy_start=.
 *(.shdata)
 *(.data)
 *(.gnu.linkonce.d.*)
                0x80083d20                .=ALIGN(0x10)
                0x80083d20                _edata=.
                0x80083d20                copy_end=.

.got
 *(.got.plt)
 *(.got)

EntryList       0x80083d20     0x1650
 *(EntryList)
 EntryList      0x80083d20      0x110 S2_String_Check.o
                0x80083d20                S2_String_Check_Entry
 EntryList      0x80083e30      0x110 S2_MPS_Text_Centering.o
                0x80083e30                S2_MPS_Text_Centering_Entry
 EntryList      0x80083f40      0x110 S2_Knob_Acceleration__Pkt_.o
                0x80083f40                S2_Knob_Acceleration__Pkt__Entry
 EntryList      0x80084050      0x110 S2_DMPS_Text_Router_v1_0.o
                0x80084050                S2_DMPS_Text_Router_v1_0_Entry
 EntryList      0x80084160      0x110 S2_DMPS_Installer_Tools_v1_13.o
                0x80084160                S2_DMPS_Installer_Tools_v1_13_Entry
 EntryList      0x80084270      0x110 S2_APAD_Long_Text_Edit.o
                0x80084270                S2_APAD_Long_Text_Edit_Entry
 EntryList      0x80084380      0x110 S2_UserProgCmd_Interface_v1_0.o
                0x80084380                S2_UserProgCmd_Interface_v1_0_Entry
 EntryList      0x80084490      0x110 S2_UserProgCmd_Interface_Serial_To_Analog_v1_0.o
                0x80084490                S2_UserProgCmd_Interface_Serial_To_Analog_v1_0_Entry
 EntryList      0x800845a0      0x110 S2_DMPS_System_Info_V1_0_2.o
                0x800845a0                S2_DMPS_System_Info_V1_0_2_Entry
 EntryList      0x800846b0      0x110 S2_Single_Line_Scroller_v1_2.o
                0x800846b0                S2_Single_Line_Scroller_v1_2_Entry
 EntryList      0x800847c0      0x110 S2_IP_Address_Edit_with_Up_Down.o
                0x800847c0                S2_IP_Address_Edit_with_Up_Down_Entry
 EntryList      0x800848d0      0x110 S2_IP_Address_Edit_Acceleration.o
                0x800848d0                S2_IP_Address_Edit_Acceleration_Entry
 EntryList      0x800849e0      0x110 S2_DMPS_Analog_To_String_Conversion_v1_1.o
                0x800849e0                S2_DMPS_Analog_To_String_Conversion_v1_1_Entry
 EntryList      0x80084af0      0x110 S2_DMPS_String_to_Analog_Conversion_v1_1.o
                0x80084af0                S2_DMPS_String_to_Analog_Conversion_v1_1_Entry
 EntryList      0x80084c00      0x110 S2_StringSaver.o
                0x80084c00                S2_StringSaver_Entry
 EntryList      0x80084d10      0x110 S2_Generic_CEC_Source_Control_Processor_v1_0.o
                0x80084d10                S2_Generic_CEC_Source_Control_Processor_v1_0_Entry
 EntryList      0x80084e20      0x110 S2_Add_or_Remove_Slave.o
                0x80084e20                S2_Add_or_Remove_Slave_Entry
 EntryList      0x80084f30      0x110 S2_Wireless_Mic_Monitoring.o
                0x80084f30                S2_Wireless_Mic_Monitoring_Entry
 EntryList      0x80085040      0x110 S2_NTP_Time_Sync_v1_0.o
                0x80085040                S2_NTP_Time_Sync_v1_0_Entry
 EntryList      0x80085150      0x110 S2_Input_Name.o
                0x80085150                S2_Input_Name_Entry
 EntryList      0x80085260      0x110 S2_Metrics.o
                0x80085260                S2_Metrics_Entry
                0x80085370                .=ALIGN(0x4)

FunctionList    0x80085370        0x4
 *(FunctionList)
 FunctionList   0x80085370        0x4 globals.o
                0x80085370                g_pFunctions
                0x80085374                .=ALIGN(0x4)

.bss            0x80085374        0x0
                0x80085374                .=ALIGN(0x4)
                0x80085374                __bss_start=.
 *(.shbss)
 *(.bss)
 *(COMMON)
                0x80085378                _end=ALIGN(0x8)
                0x80085378                __end=_end

.stab
 *(.stab)

.stabstr
 *(.stabstr)

.debug
 *(.debug)

.line
 *(.line)

.debug_srcinfo
 *(.debug_srcinfo)

.debug_sfnames
 *(.debug_sfnames)

.debug_aranges
 *(.debug_aranges)

.debug_pubnames
 *(.debug_pubnames)

.debug_info
 *(.debug_info)

.debug_abbrev
 *(.debug_abbrev)

.debug_line
 *(.debug_line)

.debug_frame
 *(.debug_frame)

.debug_str
 *(.debug_str)

.debug_loc
 *(.debug_loc)

.debug_macinfo
 *(.debug_macinfo)

.debug_weaknames
 *(.debug_weaknames)

.debug_funcnames
 *(.debug_funcnames)

.debug_typenames
 *(.debug_typenames)

.debug_varnames
 *(.debug_varnames)
LOAD S2_String_Check.o
LOAD S2_MPS_Text_Centering.o
LOAD S2_Knob_Acceleration__Pkt_.o
LOAD S2_DMPS_Text_Router_v1_0.o
LOAD S2_DMPS_Installer_Tools_v1_13.o
LOAD S2_APAD_Long_Text_Edit.o
LOAD S2_UserProgCmd_Interface_v1_0.o
LOAD S2_UserProgCmd_Interface_Serial_To_Analog_v1_0.o
LOAD S2_DMPS_System_Info_V1_0_2.o
LOAD S2_Single_Line_Scroller_v1_2.o
LOAD S2_IP_Address_Edit_with_Up_Down.o
LOAD S2_IP_Address_Edit_Acceleration.o
LOAD S2_DMPS_Analog_To_String_Conversion_v1_1.o
LOAD S2_DMPS_String_to_Analog_Conversion_v1_1.o
LOAD S2_StringSaver.o
LOAD S2_Generic_CEC_Source_Control_Processor_v1_0.o
LOAD S2_Add_or_Remove_Slave.o
LOAD S2_Wireless_Mic_Monitoring.o
LOAD S2_NTP_Time_Sync_v1_0.o
LOAD S2_Input_Name.o
LOAD S2_Metrics.o
LOAD globals.o
LOAD library.o
OUTPUT(_S2_TEC_HD.spl elf32-m68k)

.comment        0x80085374      0x36a
 .comment       0x80085374       0x26 S2_String_Check.o
 .comment       0x8008539a       0x26 S2_MPS_Text_Centering.o
 .comment       0x800853c0       0x26 S2_Knob_Acceleration__Pkt_.o
 .comment       0x800853e6       0x26 S2_DMPS_Text_Router_v1_0.o
 .comment       0x8008540c       0x26 S2_DMPS_Installer_Tools_v1_13.o
 .comment       0x80085432       0x26 S2_APAD_Long_Text_Edit.o
 .comment       0x80085458       0x26 S2_UserProgCmd_Interface_v1_0.o
 .comment       0x8008547e       0x26 S2_UserProgCmd_Interface_Serial_To_Analog_v1_0.o
 .comment       0x800854a4       0x26 S2_DMPS_System_Info_V1_0_2.o
 .comment       0x800854ca       0x26 S2_Single_Line_Scroller_v1_2.o
 .comment       0x800854f0       0x26 S2_IP_Address_Edit_with_Up_Down.o
 .comment       0x80085516       0x26 S2_IP_Address_Edit_Acceleration.o
 .comment       0x8008553c       0x26 S2_DMPS_Analog_To_String_Conversion_v1_1.o
 .comment       0x80085562       0x26 S2_DMPS_String_to_Analog_Conversion_v1_1.o
 .comment       0x80085588       0x26 S2_StringSaver.o
 .comment       0x800855ae       0x26 S2_Generic_CEC_Source_Control_Processor_v1_0.o
 .comment       0x800855d4       0x26 S2_Add_or_Remove_Slave.o
 .comment       0x800855fa       0x26 S2_Wireless_Mic_Monitoring.o
 .comment       0x80085620       0x26 S2_NTP_Time_Sync_v1_0.o
 .comment       0x80085646       0x26 S2_Input_Name.o
 .comment       0x8008566c       0x26 S2_Metrics.o
 .comment       0x80085692       0x26 globals.o
 .comment       0x800856b8       0x26 library.o
